../Inc/main.h:131:26:Delay_us	16	static
D:/STM32F407_Projects/Digital-Humidity-Gauge/Driver/GPIO/GPIO.h:71:23:GPIO_Pin_Low	16	static
D:/STM32F407_Projects/Digital-Humidity-Gauge/Driver/GPIO/GPIO.h:121:23:GPIO_Pin_High	16	static
../Driver/SPI/SPI.c:19:6:SPI1_TX_ISR	4	static
../Driver/SPI/SPI.c:24:6:SPI1_RX_ISR	4	static
../Driver/SPI/SPI.c:44:13:xDMA1_TX_Init	16	static
../Driver/SPI/SPI.c:63:13:xDMA2_TX_Init	16	static
../Driver/SPI/SPI.c:77:13:xDMA3_TX_Init	16	static
../Driver/SPI/SPI.c:95:13:xDMA1_RX_Init	16	static
../Driver/SPI/SPI.c:114:13:xDMA2_RX_Init	16	static
../Driver/SPI/SPI.c:132:13:xDMA3_RX_Init	8	static
../Driver/SPI/SPI.c:151:8:SPI_Clock_Enable	24	static
../Driver/SPI/SPI.c:168:8:SPI_Clock_Disable	24	static
../Driver/SPI/SPI.c:185:8:SPI_Config_Reset	24	static
../Driver/SPI/SPI.c:216:13:SPI_Pin_Init	40	static
../Driver/SPI/SPI.c:344:8:SPI_Init	48	static
../Driver/SPI/SPI.c:467:6:SPI_Enable	16	static
../Driver/SPI/SPI.c:479:6:SPI_Disable	16	static
../Driver/SPI/SPI.c:491:6:SPI_DeInit	16	static
../Driver/SPI/SPI.c:507:10:SPI_TRX_Byte	24	static
../Driver/SPI/SPI.c:519:8:SPI_TRX_Buffer_16Bit	40	static,ignoring_inline_asm
../Driver/SPI/SPI.c:673:8:SPI_TRX_Buffer_8Bit	32	static,ignoring_inline_asm
../Driver/SPI/SPI.c:818:6:SPI_NSS_High	16	static
../Driver/SPI/SPI.c:830:6:SPI_Data_Format_Update	16	static
../Driver/SPI/SPI.c:845:6:SPI_NSS_Low	16	static
