../Inc/main.h:140:26:Delay_ms	24	static
../Inc/main.h:151:26:Delay_milli	16	static
../Inc/main.h:161:26:Delay_s	16	static
D:/STM32F407_Projects/Digital-Humidity-Gauge/Driver/GPIO/GPIO.h:71:23:GPIO_Pin_Low	16	static
D:/STM32F407_Projects/Digital-Humidity-Gauge/Driver/GPIO/GPIO.h:121:23:GPIO_Pin_High	16	static
../Devices/GC9A01/GC9A01.c:83:14:DC_C	16	static
../Devices/GC9A01/GC9A01.c:84:14:DC_D	16	static
../Devices/GC9A01/GC9A01.c:86:14:RST_L	16	static
../Devices/GC9A01/GC9A01.c:87:14:RST_H	16	static
../Devices/GC9A01/GC9A01.c:92:13:write_command	16	static
../Devices/GC9A01/GC9A01.c:100:13:write_data	32	static
../Devices/GC9A01/GC9A01.c:108:20:GC9A01_write_byte	16	static
../Devices/GC9A01/GC9A01.c:121:13:GC9A01_Write_Data	24	static
../Devices/GC9A01/GC9A01.c:133:13:GC9A01_Drite_Data16_Repeat	24	static
../Devices/GC9A01/GC9A01.c:146:6:GC9A01_Init	48	static
../Devices/GC9A01/GC9A01.c:406:6:GC9A01_SetAddressWindow	32	static
../Devices/GC9A01/GC9A01.c:425:6:GC9A01_PushColor	24	static
../Devices/GC9A01/GC9A01.c:434:6:GC9A01_DrawPixel	32	static
../Devices/GC9A01/GC9A01.c:441:6:GC9A01_Fill	24	static
../Devices/GC9A01/GC9A01.c:447:6:GC9A01_DrawImage	48	static
../Devices/GC9A01/GC9A01.c:473:6:GC9A01_DrawChar	40	static
../Devices/GC9A01/GC9A01.c:494:6:GC9A01_EraseChar	32	static
../Devices/GC9A01/GC9A01.c:502:7:GC9A01_PrintNumber	64	static
