../Inc/main.h:140:26:Delay_ms	24	static
../Inc/main.h:151:26:Delay_milli	16	static
D:/STM32F407_Projects/Digital-Humidity-Gauge/Driver/GPIO/GPIO.h:71:23:GPIO_Pin_Low	16	static
D:/STM32F407_Projects/Digital-Humidity-Gauge/Driver/GPIO/GPIO.h:121:23:GPIO_Pin_High	16	static
../Devices/GC9A01/GC9A01.c:13:13:command_line_high	16	static
../Devices/GC9A01/GC9A01.c:18:13:command_line_low	16	static
../Devices/GC9A01/GC9A01.c:23:13:reset_line_high	16	static
../Devices/GC9A01/GC9A01.c:28:13:reset_line_low	16	static
../Devices/GC9A01/GC9A01.c:35:6:GC9A01_DeInit	16	static
../Devices/GC9A01/GC9A01.c:44:13:Write_Command	32	static
../Devices/GC9A01/GC9A01.c:67:6:GC9A01_Init	64	static
../Devices/GC9A01/GC9A01.c:348:6:GC9A01_Set_Orientation	32	static
../Devices/GC9A01/GC9A01.c:356:6:GC9A01_Write	40	static
../Devices/GC9A01/GC9A01.c:366:6:GC9A01_Write_Continue	40	static
../Devices/GC9A01/GC9A01.c:377:6:GC9A01_Set_Window	40	static
../Devices/GC9A01/GC9A01.c:391:6:GC9A01_Draw_Point	40	static
../Devices/GC9A01/GC9A01.c:401:6:GC9A01_Set_Frame	40	static
../Devices/GC9A01/GC9A01.c:425:6:GC9A01_Draw_Pixel	40	static
../Devices/GC9A01/GC9A01.c:447:6:GC9A01_Splash_Screen	80	dynamic
../Devices/GC9A01/GC9A01.c:475:6:GC9A01_Draw_Mercury	40	static
