../Driver/W25Qxx_Flash/W25Qxx_Flash.c:37:17:Read_Status_Registers	24	static
../Driver/W25Qxx_Flash/W25Qxx_Flash.c:62:17:Write_Enable	8	static
../Driver/W25Qxx_Flash/W25Qxx_Flash.c:80:15:W25Qxx_Release_Power_Down	8	static
../Driver/W25Qxx_Flash/W25Qxx_Flash.c:107:15:W25Qxx_Read_ID	40	static
../Driver/W25Qxx_Flash/W25Qxx_Flash.c:89:15:W25Qxx_Init	8	static
../Driver/W25Qxx_Flash/W25Qxx_Flash.c:138:15:W25Qxx_Chip_Erase	8	static
../Driver/W25Qxx_Flash/W25Qxx_Flash.c:158:15:W25Qxx_Power_Down	8	static
../Driver/W25Qxx_Flash/W25Qxx_Flash.c:168:15:W25Qxx_Page_Program	32	static
