../Inc/core_cm4.h:1684:22:__NVIC_EnableIRQ.part.0	0	static,ignoring_inline_asm
../Driver/Timer/Timer.c:28:6:TIM1_BRK_TIM9_IRQHandler	8	static
../Driver/Timer/Timer.c:56:6:TIM1_UP_TIM10_IRQHandler	8	static
../Driver/Timer/Timer.c:74:6:TIM1_TRG_COM_TIM11_IRQHandler	8	static
../Driver/Timer/Timer.c:99:6:TIM1_CC_IRQHandler	8	static
../Driver/Timer/Timer.c:126:6:TIM2_IRQHandler	8	static
../Driver/Timer/Timer.c:160:6:TIM3_IRQHandler	8	static
../Driver/Timer/Timer.c:194:6:TIM4_IRQHandler	8	static
../Driver/Timer/Timer.c:228:6:TIM5_IRQHandler	8	static
../Driver/Timer/Timer.c:262:6:TIM6_DAC_IRQHandler	8	static
../Driver/Timer/Timer.c:272:6:TIM7_IRQHandler	8	static
../Driver/Timer/Timer.c:301:6:TIM8_BRK_TIM12_IRQHandler	8	static
../Driver/Timer/Timer.c:329:6:TIM8_UP_TIM13_IRQHandler	8	static
../Driver/Timer/Timer.c:347:6:TIM8_TRG_COM_TIM14_IRQHandler	8	static
../Driver/Timer/Timer.c:372:6:TIM8_CC_IRQHandler	8	static
../Driver/Timer/Timer.c:1070:6:Timer_Init	40	static
../Driver/Timer/Timer.c:1136:6:PWM_Frequency_Update	8	static
../Driver/Timer/Timer.c:1149:6:PWM_Duty_Cycle_Update	8	static
../Driver/Timer/Timer.c:1161:6:Encoder_Start	0	static
../Driver/Timer/Timer.c:1168:10:Encoder_Read_Counts	0	static
../Driver/Timer/Timer.c:1173:9:Encoder_Get_Direction	0	static
../Driver/Timer/Timer.c:1187:6:Input_PWM_Channel_Set	0	static
../Driver/Timer/Timer.c:1194:6:Input_PWM_Get_Data	0	static
