../Driver/SPI/SPI.c:19:6:SPI1_TX_ISR	0	static
../Driver/SPI/SPI.c:24:6:SPI1_RX_ISR	0	static
../Driver/SPI/SPI.c:151:8:SPI_Clock_Enable	0	static
../Driver/SPI/SPI.c:168:8:SPI_Clock_Disable	0	static
../Driver/SPI/SPI.c:185:8:SPI_Config_Reset	0	static
../Driver/SPI/SPI.c:467:6:SPI_Enable	0	static
../Driver/SPI/SPI.c:479:6:SPI_Disable	0	static
../Driver/SPI/SPI.c:491:6:SPI_DeInit	0	static
../Driver/SPI/SPI.c:507:10:SPI_TRX_Byte	8	static
../Driver/SPI/SPI.c:519:8:SPI_TRX_Buffer_16Bit	24	static,ignoring_inline_asm
../Driver/SPI/SPI.c:673:8:SPI_TRX_Buffer_8Bit	24	static,ignoring_inline_asm
../Driver/SPI/SPI.c:818:6:SPI_NSS_High	0	static
../Driver/SPI/SPI.c:344:8:SPI_Init	32	static
../Driver/SPI/SPI.c:830:6:SPI_Data_Format_Update	8	static
../Driver/SPI/SPI.c:845:6:SPI_NSS_Low	0	static
