../Inc/core_cm4.h:1684:22:__NVIC_EnableIRQ.part.0	0	static,ignoring_inline_asm
../Driver/DMA/DMA.c:43:6:DMA1_Stream0_IRQHandler	16	static
../Driver/DMA/DMA.c:133:6:DMA1_Stream1_IRQHandler	16	static
../Driver/DMA/DMA.c:208:6:DMA1_Stream2_IRQHandler	16	static
../Driver/DMA/DMA.c:282:6:DMA1_Stream3_IRQHandler	16	static
../Driver/DMA/DMA.c:356:6:DMA1_Stream4_IRQHandler	16	static
../Driver/DMA/DMA.c:433:6:DMA1_Stream5_IRQHandler	16	static
../Driver/DMA/DMA.c:509:6:DMA1_Stream6_IRQHandler	16	static
../Driver/DMA/DMA.c:584:6:DMA1_Stream7_IRQHandler	16	static
../Driver/DMA/DMA.c:658:6:DMA2_Stream0_IRQHandler	16	static
../Driver/DMA/DMA.c:732:6:DMA2_Stream1_IRQHandler	16	static
../Driver/DMA/DMA.c:807:6:DMA2_Stream2_IRQHandler	16	static
../Driver/DMA/DMA.c:881:6:DMA2_Stream3_IRQHandler	16	static
../Driver/DMA/DMA.c:971:6:DMA2_Stream4_IRQHandler	16	static
../Driver/DMA/DMA.c:1048:6:DMA2_Stream5_IRQHandler	16	static
../Driver/DMA/DMA.c:1124:6:DMA2_Stream6_IRQHandler	16	static
../Driver/DMA/DMA.c:1199:6:DMA2_Stream7_IRQHandler	16	static
../Driver/DMA/DMA.c:1283:6:DMA_Reset_Flags	0	static
../Driver/DMA/DMA.c:1302:6:DMA_Clock_Enable	0	static
../Driver/DMA/DMA.c:1324:6:DMA_Clock_Disable	0	static
../Driver/DMA/DMA.c:1341:6:DMA_Reset	0	static
../Driver/DMA/DMA.c:1360:8:DMA_Init	8	static
../Driver/DMA/DMA.c:1518:6:DMA_Set_Target	0	static
../Driver/DMA/DMA.c:1567:6:DMA_Set_Trigger	8	static
../Driver/DMA/DMA.c:1624:6:DMA_Memory_To_Memory_Transfer	20	static
