../Inc/core_cm4.h:1684:22:__NVIC_EnableIRQ	16	static,ignoring_inline_asm
../Inc/core_cm4.h:1814:22:__NVIC_SetPriority	16	static
../Driver/GPIO/GPIO.c:35:6:EXTI0_IRQHandler	8	static
../Driver/GPIO/GPIO.c:43:6:EXTI1_IRQHandler	8	static
../Driver/GPIO/GPIO.c:51:6:EXTI2_IRQHandler	8	static
../Driver/GPIO/GPIO.c:59:6:EXTI3_IRQHandler	8	static
../Driver/GPIO/GPIO.c:67:6:EXTI4_IRQHandler	8	static
../Driver/GPIO/GPIO.c:75:6:EXTI9_5_IRQHandler	8	static
../Driver/GPIO/GPIO.c:123:6:EXTI15_10_IRQHandler	8	static
../Driver/GPIO/GPIO.c:187:6:GPIO_Interrupt_Setup	32	static
../Driver/GPIO/GPIO.c:267:5:GPIO_Clock_Disable	16	static
../Driver/GPIO/GPIO.c:300:5:GPIO_Clock_Enable	16	static
../Driver/GPIO/GPIO.c:338:6:GPIO_Pin_Init	16	static
