../Devices/W25Qxx_Flash/W25Qxx_Flash.c:35:14:CS_L	0	static
../Devices/W25Qxx_Flash/W25Qxx_Flash.c:36:14:CS_H	0	static
../Devices/W25Qxx_Flash/W25Qxx_Flash.c:40:17:Read_Status_Registers	16	static
../Devices/W25Qxx_Flash/W25Qxx_Flash.c:65:17:Write_Enable	8	static
../Inc/main.h:140:26:Delay_ms.constprop.isra	0	static
../Devices/W25Qxx_Flash/W25Qxx_Flash.c:74:17:Write_Disable.isra	8	static
../Devices/W25Qxx_Flash/W25Qxx_Flash.c:83:15:W25Qxx_Release_Power_Down	8	static
../Devices/W25Qxx_Flash/W25Qxx_Flash.c:115:15:W25Qxx_Read_ID	40	static
../Devices/W25Qxx_Flash/W25Qxx_Flash.c:149:15:W25Qxx_Power_Down	8	static
../Devices/W25Qxx_Flash/W25Qxx_Flash.c:159:15:W25Qxx_Page_Program	32	static
../Devices/W25Qxx_Flash/W25Qxx_Flash.c:187:15:W25Qxx_Read_Data	288	static
../Devices/W25Qxx_Flash/W25Qxx_Flash.c:210:15:W25Qxx_Fast_Read_Data	288	static
../Devices/W25Qxx_Flash/W25Qxx_Flash.c:232:15:W25Qxx_Reset_Device	8	static
../Devices/W25Qxx_Flash/W25Qxx_Flash.c:92:15:W25Qxx_Init	24	static
../Devices/W25Qxx_Flash/W25Qxx_Flash.c:246:15:W25Qxx_Chip_Erase	8	static
../Devices/W25Qxx_Flash/W25Qxx_Flash.c:265:15:W25Qxx_Sector_Erase	16	static
../Devices/W25Qxx_Flash/W25Qxx_Flash.c:290:15:W25Qxx_Block_Erase_32KB	16	static
../Devices/W25Qxx_Flash/W25Qxx_Flash.c:316:15:W25Qxx_Block_Erase_64KB	16	static
