../Devices/W25Qxx_Flash/W25Qxx_Flash.c:37:17:Read_Status_Registers	16	static
../Devices/W25Qxx_Flash/W25Qxx_Flash.c:62:17:Write_Enable	8	static
../Inc/main.h:140:26:Delay_ms.constprop.isra	0	static
../Devices/W25Qxx_Flash/W25Qxx_Flash.c:71:17:Write_Disable.isra	8	static
../Devices/W25Qxx_Flash/W25Qxx_Flash.c:80:15:W25Qxx_Release_Power_Down	8	static
../Devices/W25Qxx_Flash/W25Qxx_Flash.c:108:15:W25Qxx_Read_ID	40	static
../Devices/W25Qxx_Flash/W25Qxx_Flash.c:142:15:W25Qxx_Power_Down	8	static
../Devices/W25Qxx_Flash/W25Qxx_Flash.c:152:15:W25Qxx_Page_Program	32	static
../Devices/W25Qxx_Flash/W25Qxx_Flash.c:180:15:W25Qxx_Read_Data	288	static
../Devices/W25Qxx_Flash/W25Qxx_Flash.c:203:15:W25Qxx_Fast_Read_Data	288	static
../Devices/W25Qxx_Flash/W25Qxx_Flash.c:225:15:W25Qxx_Reset_Device	8	static
../Devices/W25Qxx_Flash/W25Qxx_Flash.c:89:15:W25Qxx_Init	8	static
../Devices/W25Qxx_Flash/W25Qxx_Flash.c:239:15:W25Qxx_Chip_Erase	8	static
../Devices/W25Qxx_Flash/W25Qxx_Flash.c:258:15:W25Qxx_Sector_Erase	16	static
../Devices/W25Qxx_Flash/W25Qxx_Flash.c:283:15:W25Qxx_Block_Erase_32KB	16	static
../Devices/W25Qxx_Flash/W25Qxx_Flash.c:309:15:W25Qxx_Block_Erase_64KB	16	static
