Archive member included to satisfy reference by file (symbol)

C:/ST/STM32CubeIDE_1.17.0/STM32CubeIDE/plugins/com.st.stm32cube.ide.mcu.externaltools.gnu-tools-for-stm32.12.3.rel1.win32_1.1.0.202410251130/tools/bin/../lib/gcc/arm-none-eabi/12.3.1/../../../../arm-none-eabi/lib/thumb/v7e-m+fp/hard\libc_nano.a(libc_a-exit.o)
                              C:/ST/STM32CubeIDE_1.17.0/STM32CubeIDE/plugins/com.st.stm32cube.ide.mcu.externaltools.gnu-tools-for-stm32.12.3.rel1.win32_1.1.0.202410251130/tools/bin/../lib/gcc/arm-none-eabi/12.3.1/../../../../arm-none-eabi/lib/thumb/v7e-m+fp/hard/crt0.o (exit)
C:/ST/STM32CubeIDE_1.17.0/STM32CubeIDE/plugins/com.st.stm32cube.ide.mcu.externaltools.gnu-tools-for-stm32.12.3.rel1.win32_1.1.0.202410251130/tools/bin/../lib/gcc/arm-none-eabi/12.3.1/../../../../arm-none-eabi/lib/thumb/v7e-m+fp/hard\libc_nano.a(libc_a-nano-vfprintf.o)
                              ./Driver/Logs/Logs.o (vfprintf)
C:/ST/STM32CubeIDE_1.17.0/STM32CubeIDE/plugins/com.st.stm32cube.ide.mcu.externaltools.gnu-tools-for-stm32.12.3.rel1.win32_1.1.0.202410251130/tools/bin/../lib/gcc/arm-none-eabi/12.3.1/../../../../arm-none-eabi/lib/thumb/v7e-m+fp/hard\libc_nano.a(libc_a-nano-vfprintf_i.o)
                              C:/ST/STM32CubeIDE_1.17.0/STM32CubeIDE/plugins/com.st.stm32cube.ide.mcu.externaltools.gnu-tools-for-stm32.12.3.rel1.win32_1.1.0.202410251130/tools/bin/../lib/gcc/arm-none-eabi/12.3.1/../../../../arm-none-eabi/lib/thumb/v7e-m+fp/hard\libc_nano.a(libc_a-nano-vfprintf.o) (_printf_i)
C:/ST/STM32CubeIDE_1.17.0/STM32CubeIDE/plugins/com.st.stm32cube.ide.mcu.externaltools.gnu-tools-for-stm32.12.3.rel1.win32_1.1.0.202410251130/tools/bin/../lib/gcc/arm-none-eabi/12.3.1/../../../../arm-none-eabi/lib/thumb/v7e-m+fp/hard\libc_nano.a(libc_a-findfp.o)
                              C:/ST/STM32CubeIDE_1.17.0/STM32CubeIDE/plugins/com.st.stm32cube.ide.mcu.externaltools.gnu-tools-for-stm32.12.3.rel1.win32_1.1.0.202410251130/tools/bin/../lib/gcc/arm-none-eabi/12.3.1/../../../../arm-none-eabi/lib/thumb/v7e-m+fp/hard\libc_nano.a(libc_a-exit.o) (__stdio_exit_handler)
C:/ST/STM32CubeIDE_1.17.0/STM32CubeIDE/plugins/com.st.stm32cube.ide.mcu.externaltools.gnu-tools-for-stm32.12.3.rel1.win32_1.1.0.202410251130/tools/bin/../lib/gcc/arm-none-eabi/12.3.1/../../../../arm-none-eabi/lib/thumb/v7e-m+fp/hard\libc_nano.a(libc_a-fvwrite.o)
                              C:/ST/STM32CubeIDE_1.17.0/STM32CubeIDE/plugins/com.st.stm32cube.ide.mcu.externaltools.gnu-tools-for-stm32.12.3.rel1.win32_1.1.0.202410251130/tools/bin/../lib/gcc/arm-none-eabi/12.3.1/../../../../arm-none-eabi/lib/thumb/v7e-m+fp/hard\libc_nano.a(libc_a-nano-vfprintf.o) (__sfvwrite_r)
C:/ST/STM32CubeIDE_1.17.0/STM32CubeIDE/plugins/com.st.stm32cube.ide.mcu.externaltools.gnu-tools-for-stm32.12.3.rel1.win32_1.1.0.202410251130/tools/bin/../lib/gcc/arm-none-eabi/12.3.1/../../../../arm-none-eabi/lib/thumb/v7e-m+fp/hard\libc_nano.a(libc_a-fwalk.o)
                              C:/ST/STM32CubeIDE_1.17.0/STM32CubeIDE/plugins/com.st.stm32cube.ide.mcu.externaltools.gnu-tools-for-stm32.12.3.rel1.win32_1.1.0.202410251130/tools/bin/../lib/gcc/arm-none-eabi/12.3.1/../../../../arm-none-eabi/lib/thumb/v7e-m+fp/hard\libc_nano.a(libc_a-findfp.o) (_fwalk_sglue)
C:/ST/STM32CubeIDE_1.17.0/STM32CubeIDE/plugins/com.st.stm32cube.ide.mcu.externaltools.gnu-tools-for-stm32.12.3.rel1.win32_1.1.0.202410251130/tools/bin/../lib/gcc/arm-none-eabi/12.3.1/../../../../arm-none-eabi/lib/thumb/v7e-m+fp/hard\libc_nano.a(libc_a-printf.o)
                              ./Driver/Logs/Logs.o (printf)
C:/ST/STM32CubeIDE_1.17.0/STM32CubeIDE/plugins/com.st.stm32cube.ide.mcu.externaltools.gnu-tools-for-stm32.12.3.rel1.win32_1.1.0.202410251130/tools/bin/../lib/gcc/arm-none-eabi/12.3.1/../../../../arm-none-eabi/lib/thumb/v7e-m+fp/hard\libc_nano.a(libc_a-putchar.o)
                              ./Driver/Logs/Logs.o (putchar)
C:/ST/STM32CubeIDE_1.17.0/STM32CubeIDE/plugins/com.st.stm32cube.ide.mcu.externaltools.gnu-tools-for-stm32.12.3.rel1.win32_1.1.0.202410251130/tools/bin/../lib/gcc/arm-none-eabi/12.3.1/../../../../arm-none-eabi/lib/thumb/v7e-m+fp/hard\libc_nano.a(libc_a-puts.o)
                              ./Driver/Logs/Logs.o (puts)
C:/ST/STM32CubeIDE_1.17.0/STM32CubeIDE/plugins/com.st.stm32cube.ide.mcu.externaltools.gnu-tools-for-stm32.12.3.rel1.win32_1.1.0.202410251130/tools/bin/../lib/gcc/arm-none-eabi/12.3.1/../../../../arm-none-eabi/lib/thumb/v7e-m+fp/hard\libc_nano.a(libc_a-stdio.o)
                              C:/ST/STM32CubeIDE_1.17.0/STM32CubeIDE/plugins/com.st.stm32cube.ide.mcu.externaltools.gnu-tools-for-stm32.12.3.rel1.win32_1.1.0.202410251130/tools/bin/../lib/gcc/arm-none-eabi/12.3.1/../../../../arm-none-eabi/lib/thumb/v7e-m+fp/hard\libc_nano.a(libc_a-findfp.o) (__sread)
[...]
Memory Configuration

Name             Origin             Length             Attributes
CCMRAM           0x10000000         0x00010000         xrw
RAM              0x20000000         0x00020000         xrw
FLASH            0x08000000         0x00100000         xr
*default*        0x00000000         0xffffffff

Linker script and memory map

LOAD C:/ST/STM32CubeIDE_1.17.0/STM32CubeIDE/plugins/com.st.stm32cube.ide.mcu.externaltools.gnu-tools-for-stm32.12.3.rel1.win32_1.1.0.202410251130/tools/bin/../lib/gcc/arm-none-eabi/12.3.1/thumb/v7e-m+fp/hard/crti.o
LOAD C:/ST/STM32CubeIDE_1.17.0/STM32CubeIDE/plugins/com.st.stm32cube.ide.mcu.externaltools.gnu-tools-for-stm32.12.3.rel1.win32_1.1.0.202410251130/tools/bin/../lib/gcc/arm-none-eabi/12.3.1/thumb/v7e-m+fp/hard/crtbegin.o
LOAD C:/ST/STM32CubeIDE_1.17.0/STM32CubeIDE/plugins/com.st.stm32cube.ide.mcu.externaltools.gnu-tools-for-stm32.12.3.rel1.win32_1.1.0.202410251130/tools/bin/../lib/gcc/arm-none-eabi/12.3.1/../../../../arm-none-eabi/lib/thumb/v7e-m+fp/hard/crt0.o
LOAD ./Application/Humidity_Gauge/Humidity_Gauge.o
LOAD ./Devices/BME280/BME280.o
LOAD ./Devices/GC9A01/GC9A01.o
LOAD ./Driver/CAN/CAN.o
LOAD ./Driver/Console/Console.o
LOAD ./Driver/DMA/DMA.o
LOAD ./Driver/GPIO/GPIO.o
LOAD ./Driver/I2C/I2C.o
LOAD ./Driver/Logs/Logs.o
LOAD ./Driver/SPI/SPI.o
LOAD ./Driver/Timer/Timer.o
LOAD ./Driver/USART/USART.o
LOAD ./Src/main.o
LOAD ./Src/syscalls.o
LOAD ./Src/sysmem.o
LOAD ./Src/system_stm32f4xx.o
LOAD ./Startup/startup_stm32f407vgtx.o
START GROUP
LOAD C:/ST/STM32CubeIDE_1.17.0/STM32CubeIDE/plugins/com.st.stm32cube.ide.mcu.externaltools.gnu-tools-for-stm32.12.3.rel1.win32_1.1.0.202410251130/tools/bin/../lib/gcc/arm-none-eabi/12.3.1/../../../../arm-none-eabi/lib/thumb/v7e-m+fp/hard\libc_nano.a
LOAD C:/ST/STM32CubeIDE_1.17.0/STM32CubeIDE/plugins/com.st.stm32cube.ide.mcu.externaltools.gnu-tools-for-stm32.12.3.rel1.win32_1.1.0.202410251130/tools/bin/../lib/gcc/arm-none-eabi/12.3.1/../../../../arm-none-eabi/lib/thumb/v7e-m+fp/hard\libm.a
END GROUP
START GROUP
LOAD C:/ST/STM32CubeIDE_1.17.0/STM32CubeIDE/plugins/com.st.stm32cube.ide.mcu.externaltools.gnu-tools-for-stm32.12.3.rel1.win32_1.1.0.202410251130/tools/bin/../lib/gcc/arm-none-eabi/12.3.1/thumb/v7e-m+fp/hard\libgcc.a
LOAD C:/ST/STM32CubeIDE_1.17.0/STM32CubeIDE/plugins/com.st.stm32cube.ide.mcu.externaltools.gnu-tools-for-stm32.12.3.rel1.win32_1.1.0.202410251130/tools/bin/../lib/gcc/arm-none-eabi/12.3.1/../../../../arm-none-eabi/lib/thumb/v7e-m+fp/hard\libc_nano.a
END GROUP
START GROUP
LOAD C:/ST/STM32CubeIDE_1.17.0/STM32CubeIDE/plugins/com.st.stm32cube.ide.mcu.externaltools.gnu-tools-for-stm32.12.3.rel1.win32_1.1.0.202410251130/tools/bin/../lib/gcc/arm-none-eabi/12.3.1/thumb/v7e-m+fp/hard\libgcc.a
LOAD C:/ST/STM32CubeIDE_1.17.0/STM32CubeIDE/plugins/com.st.stm32cube.ide.mcu.externaltools.gnu-tools-for-stm32.12.3.rel1.win32_1.1.0.202410251130/tools/bin/../lib/gcc/arm-none-eabi/12.3.1/../../../../arm-none-eabi/lib/thumb/v7e-m+fp/hard\libc_nano.a
LOAD C:/ST/STM32CubeIDE_1.17.0/STM32CubeIDE/plugins/com.st.stm32cube.ide.mcu.externaltools.gnu-tools-for-stm32.12.3.rel1.win32_1.1.0.202410251130/tools/bin/../lib/gcc/arm-none-eabi/12.3.1/../../../../arm-none-eabi/lib/thumb/v7e-m+fp/hard\libnosys.a
END GROUP
START GROUP
LOAD C:/ST/STM32CubeIDE_1.17.0/STM32CubeIDE/plugins/com.st.stm32cube.ide.mcu.externaltools.gnu-tools-for-stm32.12.3.rel1.win32_1.1.0.202410251130/tools/bin/../lib/gcc/arm-none-eabi/12.3.1/thumb/v7e-m+fp/hard\libgcc.a
LOAD C:/ST/STM32CubeIDE_1.17.0/STM32CubeIDE/plugins/com.st.stm32cube.ide.mcu.externaltools.gnu-tools-for-stm32.12.3.rel1.win32_1.1.0.202410251130/tools/bin/../lib/gcc/arm-none-eabi/12.3.1/../../../../arm-none-eabi/lib/thumb/v7e-m+fp/hard\libc_nano.a
LOAD C:/ST/STM32CubeIDE_1.17.0/STM32CubeIDE/plugins/com.st.stm32cube.ide.mcu.externaltools.gnu-tools-for-stm32.12.3.rel1.win32_1.1.0.202410251130/tools/bin/../lib/gcc/arm-none-eabi/12.3.1/../../../../arm-none-eabi/lib/thumb/v7e-m+fp/hard\libnosys.a
END GROUP
LOAD C:/ST/STM32CubeIDE_1.17.0/STM32CubeIDE/plugins/com.st.stm32cube.ide.mcu.externaltools.gnu-tools-for-stm32.12.3.rel1.win32_1.1.0.202410251130/tools/bin/../lib/gcc/arm-none-eabi/12.3.1/thumb/v7e-m+fp/hard/crtend.o
LOAD C:/ST/STM32CubeIDE_1.17.0/STM32CubeIDE/plugins/com.st.stm32cube.ide.mcu.externaltools.gnu-tools-for-stm32.12.3.rel1.win32_1.1.0.202410251130/tools/bin/../lib/gcc/arm-none-eabi/12.3.1/thumb/v7e-m+fp/hard/crtn.o
                0x20020000                        _estack = (ORIGIN (RAM) + LENGTH (RAM))
                0x00000200                        _Min_Heap_Size = 0x200
                0x00000400                        _Min_Stack_Size = 0x400

.isr_vector     0x08000000      0x188
                0x08000000                        . = ALIGN (0x4)
 *(.isr_vector)
 .isr_vector    0x08000000      0x188 ./Startup/startup_stm32f407vgtx.o
                0x08000000                g_pfnVectors
                0x08000188                        . = ALIGN (0x4)

.text           0x08000188     0x5e18
                0x08000188                        . = ALIGN (0x4)
 *(.text)
 .text          0x08000188       0x40 C:/ST/STM32CubeIDE_1.17.0/STM32CubeIDE/plugins/com.st.stm32cube.ide.mcu.externaltools.gnu-tools-for-stm32.12.3.rel1.win32_1.1.0.202410251130/tools/bin/../lib/gcc/arm-none-eabi/12.3.1/thumb/v7e-m+fp/hard/crtbegin.o
 .text          0x080001c8      0x21c C:/ST/STM32CubeIDE_1.17.0/STM32CubeIDE/plugins/com.st.stm32cube.ide.mcu.externaltools.gnu-tools-for-stm32.12.3.rel1.win32_1.1.0.202410251130/tools/bin/../lib/gcc/arm-none-eabi/12.3.1/thumb/v7e-m+fp/hard\libgcc.a(_arm_addsubsf3.o)
                0x080001c8                __aeabi_frsub
                0x080001d0                __subsf3
                0x080001d0                __aeabi_fsub
                0x080001d4                __aeabi_fadd
                0x080001d4                __addsf3
                0x08000334                __aeabi_ui2f
                0x08000334                __floatunsisf
                0x0800033c                __aeabi_i2f
                0x0800033c                __floatsisf
                0x08000358                __aeabi_ul2f
                0x08000358                __floatundisf
                0x08000368                __aeabi_l2f
                0x08000368                __floatdisf
 .text          0x080003e4       0xa0 C:/ST/STM32CubeIDE_1.17.0/STM32CubeIDE/plugins/com.st.stm32cube.ide.mcu.externaltools.gnu-tools-for-stm32.12.3.rel1.win32_1.1.0.202410251130/tools/bin/../lib/gcc/arm-none-eabi/12.3.1/thumb/v7e-m+fp/hard\libgcc.a(_aeabi_ldivmod.o)
                0x080003e4                __aeabi_ldivmod
 .text          0x08000484      0x2bc C:/ST/STM32CubeIDE_1.17.0/STM32CubeIDE/plugins/com.st.stm32cube.ide.mcu.externaltools.gnu-tools-for-stm32.12.3.rel1.win32_1.1.0.202410251130/tools/bin/../lib/gcc/arm-none-eabi/12.3.1/thumb/v7e-m+fp/hard\libgcc.a(_udivmoddi4.o)
                0x08000484                __udivmoddi4
 .text          0x08000740        0x4 C:/ST/STM32CubeIDE_1.17.0/STM32CubeIDE/plugins/com.st.stm32cube.ide.mcu.externaltools.gnu-tools-for-stm32.12.3.rel1.win32_1.1.0.202410251130/tools/bin/../lib/gcc/arm-none-eabi/12.3.1/thumb/v7e-m+fp/hard\libgcc.a(_dvmd_tls.o)
                0x08000740                __aeabi_idiv0
                0x08000740                __aeabi_ldiv0
 *(.text*)
 .text.p_sat_kPa
                0x08000744       0x50 ./Application/Humidity_Gauge/Humidity_Gauge.o
 .text.dew_point
                0x08000794       0x58 ./Application/Humidity_Gauge/Humidity_Gauge.o
 .text.wet_bulb_stull
                0x080007ec      0x100 ./Application/Humidity_Gauge/Humidity_Gauge.o
 .text.psychro_from_bme280
                0x080008ec      0x1a0 ./Application/Humidity_Gauge/Humidity_Gauge.o
                0x080008ec                psychro_from_bme280
 .text.Delay_ms
                0x08000a8c       0x5c ./Devices/BME280/BME280.o
 .text.Delay_milli
                0x08000ae8       0x46 ./Devices/BME280/BME280.o
 *fill*         0x08000b2e        0x2 
 .text.BME280_Init
                0x08000b30      0x1c0 ./Devices/BME280/BME280.o
                0x08000b30                BME280_Init
 .text.BME280_Get_Raw
                0x08000cf0       0x5c ./Devices/BME280/BME280.o
                0x08000cf0                BME280_Get_Raw
 .text.BME280_Compensate_T
                0x08000d4c       0x7c ./Devices/BME280/BME280.o
                0x08000d4c                BME280_Compensate_T
 .text.BME280_Compensate_P
                0x08000dc8      0x53c ./Devices/BME280/BME280.o
                0x08000dc8                BME280_Compensate_P
 .text.BME280_Compensate_H
                0x08001304       0xd0 ./Devices/BME280/BME280.o
                0x08001304                BME280_Compensate_H
 .text.__NVIC_EnableIRQ
                0x080013d4       0x3c ./Driver/DMA/DMA.o
 .text.DMA1_Stream0_IRQHandler
                0x08001410      0x150 ./Driver/DMA/DMA.o
                0x08001410                DMA1_Stream0_IRQHandler
 .text.DMA1_Stream1_IRQHandler
                0x08001560      0x150 ./Driver/DMA/DMA.o
                0x08001560                DMA1_Stream1_IRQHandler
 .text.DMA1_Stream2_IRQHandler
                0x080016b0      0x150 ./Driver/DMA/DMA.o
                0x080016b0                DMA1_Stream2_IRQHandler
 .text.DMA1_Stream3_IRQHandler
                0x08001800      0x150 ./Driver/DMA/DMA.o
                0x08001800                DMA1_Stream3_IRQHandler
 .text.DMA1_Stream4_IRQHandler
                0x08001950      0x150 ./Driver/DMA/DMA.o
                0x08001950                DMA1_Stream4_IRQHandler
 .text.DMA1_Stream5_IRQHandler
                0x08001aa0      0x150 ./Driver/DMA/DMA.o
                0x08001aa0                DMA1_Stream5_IRQHandler
 .text.DMA1_Stream6_IRQHandler
                0x08001bf0      0x150 ./Driver/DMA/DMA.o
                0x08001bf0                DMA1_Stream6_IRQHandler
 .text.DMA1_Stream7_IRQHandler
                0x08001d40      0x150 ./Driver/DMA/DMA.o
                0x08001d40                DMA1_Stream7_IRQHandler
 .text.DMA2_Stream0_IRQHandler
                0x08001e90      0x150 ./Driver/DMA/DMA.o
                0x08001e90                DMA2_Stream0_IRQHandler
 .text.DMA2_Stream1_IRQHandler
                0x08001fe0      0x150 ./Driver/DMA/DMA.o
                0x08001fe0                DMA2_Stream1_IRQHandler
 .text.DMA2_Stream2_IRQHandler
                0x08002130      0x150 ./Driver/DMA/DMA.o
                0x08002130                DMA2_Stream2_IRQHandler
 .text.DMA2_Stream3_IRQHandler
                0x08002280      0x150 ./Driver/DMA/DMA.o
                0x08002280                DMA2_Stream3_IRQHandler
 .text.DMA2_Stream4_IRQHandler
                0x080023d0      0x150 ./Driver/DMA/DMA.o
                0x080023d0                DMA2_Stream4_IRQHandler
 .text.DMA2_Stream5_IRQHandler
                0x08002520      0x150 ./Driver/DMA/DMA.o
                0x08002520                DMA2_Stream5_IRQHandler
 .text.DMA2_Stream6_IRQHandler
                0x08002670      0x150 ./Driver/DMA/DMA.o
                0x08002670                DMA2_Stream6_IRQHandler
 .text.DMA2_Stream7_IRQHandler
                0x080027c0      0x150 ./Driver/DMA/DMA.o
                0x080027c0                DMA2_Stream7_IRQHandler
 .text.DMA_Clock_Enable
                0x08002910       0x4c ./Driver/DMA/DMA.o
                0x08002910                DMA_Clock_Enable
 .text.DMA_Init
                0x0800295c      0x36c ./Driver/DMA/DMA.o
                0x0800295c                DMA_Init
 .text.DMA_Set_Target
                0x08002cc8       0xbe ./Driver/DMA/DMA.o
                0x08002cc8                DMA_Set_Target
 *fill*         0x08002d86        0x2 
 .text.DMA_Set_Trigger
                0x08002d88      0x168 ./Driver/DMA/DMA.o
                0x08002d88                DMA_Set_Trigger
 .text.__NVIC_EnableIRQ
                0x08002ef0       0x3c ./Driver/GPIO/GPIO.o
 .text.__NVIC_SetPriority
                0x08002f2c       0x54 ./Driver/GPIO/GPIO.o
 .text.EXTI0_IRQHandler
                0x08002f80       0x2c ./Driver/GPIO/GPIO.o
                0x08002f80                EXTI0_IRQHandler
 .text.EXTI1_IRQHandler
                0x08002fac       0x2c ./Driver/GPIO/GPIO.o
                0x08002fac                EXTI1_IRQHandler
 .text.EXTI2_IRQHandler
                0x08002fd8       0x2c ./Driver/GPIO/GPIO.o
                0x08002fd8                EXTI2_IRQHandler
 .text.EXTI3_IRQHandler
                0x08003004       0x2c ./Driver/GPIO/GPIO.o
                0x08003004                EXTI3_IRQHandler
 .text.EXTI4_IRQHandler
                0x08003030       0x2c ./Driver/GPIO/GPIO.o
                0x08003030                EXTI4_IRQHandler
 .text.EXTI9_5_IRQHandler
                0x0800305c       0x68 ./Driver/GPIO/GPIO.o
                0x0800305c                EXTI9_5_IRQHandler
 .text.EXTI15_10_IRQHandler
                0x080030c4       0x68 ./Driver/GPIO/GPIO.o
                0x080030c4                EXTI15_10_IRQHandler
 .text.GPIO_Interrupt_Setup
                0x0800312c      0x1f8 ./Driver/GPIO/GPIO.o
                0x0800312c                GPIO_Interrupt_Setup
 .text.GPIO_Clock_Enable
                0x08003324       0xec ./Driver/GPIO/GPIO.o
                0x08003324                GPIO_Clock_Enable
 .text.GPIO_Pin_Init
                0x08003410      0x14e ./Driver/GPIO/GPIO.o
                0x08003410                GPIO_Pin_Init
 *fill*         0x0800355e        0x2 
 .text.I2C1_DMA_TX_ISR
                0x08003560       0x18 ./Driver/I2C/I2C.o
                0x08003560                I2C1_DMA_TX_ISR
 .text.I2C2_DMA_TX_ISR
                0x08003578       0x18 ./Driver/I2C/I2C.o
                0x08003578                I2C2_DMA_TX_ISR
 .text.I2C3_DMA_TX_ISR
                0x08003590       0x18 ./Driver/I2C/I2C.o
                0x08003590                I2C3_DMA_TX_ISR
 .text.I2C1_DMA_RX_ISR
                0x080035a8       0x18 ./Driver/I2C/I2C.o
                0x080035a8                I2C1_DMA_RX_ISR
 .text.I2C2_DMA_RX_ISR
                0x080035c0       0x18 ./Driver/I2C/I2C.o
                0x080035c0                I2C2_DMA_RX_ISR
 .text.I2C3_DMA_RX_ISR
                0x080035d8       0x18 ./Driver/I2C/I2C.o
                0x080035d8                I2C3_DMA_RX_ISR
 .text.pin_setup
                0x080035f0      0x190 ./Driver/I2C/I2C.o
 .text.I2C_Clock_Enable
                0x08003780       0x6c ./Driver/I2C/I2C.o
                0x08003780                I2C_Clock_Enable
 .text.I2C_Init
                0x080037ec      0x3dc ./Driver/I2C/I2C.o
                0x080037ec                I2C_Init
 .text.I2C_Master_Start
                0x08003bc8       0x7c ./Driver/I2C/I2C.o
                0x08003bc8                I2C_Master_Start
 .text.I2C_Master_Address
                0x08003c44       0x68 ./Driver/I2C/I2C.o
                0x08003c44                I2C_Master_Address
 .text.I2C_Master_Send_Byte
                0x08003cac       0x42 ./Driver/I2C/I2C.o
                0x08003cac                I2C_Master_Send_Byte
 .text.I2C_Master_Receive_Byte
                0x08003cee       0x4e ./Driver/I2C/I2C.o
                0x08003cee                I2C_Master_Receive_Byte
 .text.I2C_Master_Stop
                0x08003d3c       0x24 ./Driver/I2C/I2C.o
                0x08003d3c                I2C_Master_Stop
 .text.I2C_Master_Write_Register
                0x08003d60       0x4e ./Driver/I2C/I2C.o
                0x08003d60                I2C_Master_Write_Register
 .text.I2C_Master_Read_Register
                0x08003dae       0x5e ./Driver/I2C/I2C.o
                0x08003dae                I2C_Master_Read_Register
 .text.I2C_Master_Read_Registers_Bulk
                0x08003e0c      0x1d8 ./Driver/I2C/I2C.o
                0x08003e0c                I2C_Master_Read_Registers_Bulk
 .text.TIM1_BRK_TIM9_IRQHandler
                0x08003fe4       0xc4 ./Driver/Timer/Timer.o
                0x08003fe4                TIM1_BRK_TIM9_IRQHandler
 .text.TIM1_UP_TIM10_IRQHandler
                0x080040a8       0x80 ./Driver/Timer/Timer.o
                0x080040a8                TIM1_UP_TIM10_IRQHandler
 .text.TIM1_TRG_COM_TIM11_IRQHandler
                0x08004128       0xa0 ./Driver/Timer/Timer.o
                0x08004128                TIM1_TRG_COM_TIM11_IRQHandler
 .text.TIM1_CC_IRQHandler
                0x080041c8       0x98 ./Driver/Timer/Timer.o
                0x080041c8                TIM1_CC_IRQHandler
 .text.TIM2_IRQHandler
                0x08004260       0xf0 ./Driver/Timer/Timer.o
                0x08004260                TIM2_IRQHandler
 .text.TIM3_IRQHandler
                0x08004350       0xdc ./Driver/Timer/Timer.o
                0x08004350                TIM3_IRQHandler
 .text.TIM4_IRQHandler
                0x0800442c       0xdc ./Driver/Timer/Timer.o
                0x0800442c                TIM4_IRQHandler
 .text.TIM5_IRQHandler
                0x08004508       0xdc ./Driver/Timer/Timer.o
                0x08004508                TIM5_IRQHandler
 .text.TIM6_DAC_IRQHandler
                0x080045e4       0x34 ./Driver/Timer/Timer.o
                0x080045e4                TIM6_DAC_IRQHandler
 .text.TIM7_IRQHandler
                0x08004618       0x34 ./Driver/Timer/Timer.o
                0x08004618                TIM7_IRQHandler
 .text.TIM8_BRK_TIM12_IRQHandler
                0x0800464c       0xc4 ./Driver/Timer/Timer.o
                0x0800464c                TIM8_BRK_TIM12_IRQHandler
 .text.TIM8_UP_TIM13_IRQHandler
                0x08004710       0x80 ./Driver/Timer/Timer.o
                0x08004710                TIM8_UP_TIM13_IRQHandler
 .text.TIM8_TRG_COM_TIM14_IRQHandler
                0x08004790       0xa0 ./Driver/Timer/Timer.o
                0x08004790                TIM8_TRG_COM_TIM14_IRQHandler
 .text.TIM8_CC_IRQHandler
                0x08004830       0x98 ./Driver/Timer/Timer.o
                0x08004830                TIM8_CC_IRQHandler
 .text.UART4_IRQHandler
                0x080048c8      0x170 ./Driver/USART/USART.o
                0x080048c8                UART4_IRQHandler
 .text.USART1_IRQHandler
                0x08004a38      0x170 ./Driver/USART/USART.o
                0x08004a38                USART1_IRQHandler
 .text.__NVIC_SetPriority
                0x08004ba8       0x54 ./Src/main.o
 .text.SysTick_Config
                0x08004bfc       0x44 ./Src/main.o
 .text.MCU_Clock_Setup
                0x08004c40      0x124 ./Src/main.o
 .text.Hold_Button_ISR
                0x08004d64        0xe ./Src/main.o
                0x08004d64                Hold_Button_ISR
 *fill*         0x08004d72        0x2 
 .text.Degree_Button_ISR
                0x08004d74       0x28 ./Src/main.o
                0x08004d74                Degree_Button_ISR
 .text.Reset_Button_ISR
                0x08004d9c        0xe ./Src/main.o
                0x08004d9c                Reset_Button_ISR
 *fill*         0x08004daa        0x2 
 .text.Top_Arrow_Button_ISR
                0x08004dac       0x38 ./Src/main.o
                0x08004dac                Top_Arrow_Button_ISR
 .text.Bottom_Arrow_Button_ISR
                0x08004de4       0x38 ./Src/main.o
                0x08004de4                Bottom_Arrow_Button_ISR
 .text.main     0x08004e1c      0x1d4 ./Src/main.o
                0x08004e1c                main
 .text.SystemInit
                0x08004ff0       0x24 ./Src/system_stm32f4xx.o
                0x08004ff0                SystemInit
 .text.SystemCoreClockUpdate
                0x08005014      0x100 ./Src/system_stm32f4xx.o
                0x08005014                SystemCoreClockUpdate
 .text.Reset_Handler
                0x08005114       0x50 ./Startup/startup_stm32f407vgtx.o
                0x08005114                Reset_Handler
 .text.Default_Handler
                0x08005164        0x2 ./Startup/startup_stm32f407vgtx.o
                0x08005164                RTC_Alarm_IRQHandler
                0x08005164                HASH_RNG_IRQHandler
                0x08005164                DebugMon_Handler
                0x08005164                HardFault_Handler
                0x08005164                SysTick_Handler
                0x08005164                PVD_IRQHandler
                0x08005164                SDIO_IRQHandler
                0x08005164                TAMP_STAMP_IRQHandler
                0x08005164                PendSV_Handler
                0x08005164                NMI_Handler
                0x08005164                CAN2_RX1_IRQHandler
                0x08005164                I2C3_ER_IRQHandler
                0x08005164                I2C2_EV_IRQHandler
                0x08005164                CAN1_RX0_IRQHandler
                0x08005164                FPU_IRQHandler
                0x08005164                OTG_HS_WKUP_IRQHandler
                0x08005164                UsageFault_Handler
                0x08005164                CAN2_SCE_IRQHandler
                0x08005164                SPI1_IRQHandler
                0x08005164                DCMI_IRQHandler
                0x08005164                CAN2_RX0_IRQHandler
                0x08005164                USART6_IRQHandler
                0x08005164                USART3_IRQHandler
                0x08005164                CRYP_IRQHandler
                0x08005164                CAN1_RX1_IRQHandler
                0x08005164                UART5_IRQHandler
                0x08005164                I2C1_EV_IRQHandler
                0x08005164                RCC_IRQHandler
                0x08005164                Default_Handler
                0x08005164                ADC_IRQHandler
                0x08005164                CAN2_TX_IRQHandler
                0x08005164                I2C3_EV_IRQHandler
                0x08005164                RTC_WKUP_IRQHandler
                0x08005164                ETH_WKUP_IRQHandler
                0x08005164                SPI2_IRQHandler
                0x08005164                OTG_HS_EP1_IN_IRQHandler
                0x08005164                MemManage_Handler
                0x08005164                CAN1_TX_IRQHandler
                0x08005164                SVC_Handler
                0x08005164                FSMC_IRQHandler
                0x08005164                ETH_IRQHandler
                0x08005164                OTG_HS_EP1_OUT_IRQHandler
                0x08005164                WWDG_IRQHandler
                0x08005164                OTG_FS_WKUP_IRQHandler
                0x08005164                OTG_HS_IRQHandler
                0x08005164                USART2_IRQHandler
                0x08005164                I2C2_ER_IRQHandler
                0x08005164                CAN1_SCE_IRQHandler
                0x08005164                BusFault_Handler
                0x08005164                OTG_FS_IRQHandler
                0x08005164                SPI3_IRQHandler
                0x08005164                I2C1_ER_IRQHandler
 *fill*         0x08005166        0x2 
 .text.__errno  0x08005168        0xc C:/ST/STM32CubeIDE_1.17.0/STM32CubeIDE/plugins/com.st.stm32cube.ide.mcu.externaltools.gnu-tools-for-stm32.12.3.rel1.win32_1.1.0.202410251130/tools/bin/../lib/gcc/arm-none-eabi/12.3.1/../../../../arm-none-eabi/lib/thumb/v7e-m+fp/hard\libc_nano.a(libc_a-errno.o)
                0x08005168                __errno
 .text.__libc_init_array
                0x08005174       0x48 C:/ST/STM32CubeIDE_1.17.0/STM32CubeIDE/plugins/com.st.stm32cube.ide.mcu.externaltools.gnu-tools-for-stm32.12.3.rel1.win32_1.1.0.202410251130/tools/bin/../lib/gcc/arm-none-eabi/12.3.1/../../../../arm-none-eabi/lib/thumb/v7e-m+fp/hard\libc_nano.a(libc_a-init.o)
                0x08005174                __libc_init_array
 .text.expf     0x080051bc       0x6c C:/ST/STM32CubeIDE_1.17.0/STM32CubeIDE/plugins/com.st.stm32cube.ide.mcu.externaltools.gnu-tools-for-stm32.12.3.rel1.win32_1.1.0.202410251130/tools/bin/../lib/gcc/arm-none-eabi/12.3.1/../../../../arm-none-eabi/lib/thumb/v7e-m+fp/hard\libm.a(libm_a-wf_exp.o)
                0x080051bc                expf
 .text.logf     0x08005228       0x5c C:/ST/STM32CubeIDE_1.17.0/STM32CubeIDE/plugins/com.st.stm32cube.ide.mcu.externaltools.gnu-tools-for-stm32.12.3.rel1.win32_1.1.0.202410251130/tools/bin/../lib/gcc/arm-none-eabi/12.3.1/../../../../arm-none-eabi/lib/thumb/v7e-m+fp/hard\libm.a(libm_a-wf_log.o)
                0x08005228                logf
 .text.powf     0x08005284       0xae C:/ST/STM32CubeIDE_1.17.0/STM32CubeIDE/plugins/com.st.stm32cube.ide.mcu.externaltools.gnu-tools-for-stm32.12.3.rel1.win32_1.1.0.202410251130/tools/bin/../lib/gcc/arm-none-eabi/12.3.1/../../../../arm-none-eabi/lib/thumb/v7e-m+fp/hard\libm.a(libm_a-wf_pow.o)
                0x08005284                powf
 *fill*         0x08005332        0x2 
 .text.sqrtf    0x08005334       0x3c C:/ST/STM32CubeIDE_1.17.0/STM32CubeIDE/plugins/com.st.stm32cube.ide.mcu.externaltools.gnu-tools-for-stm32.12.3.rel1.win32_1.1.0.202410251130/tools/bin/../lib/gcc/arm-none-eabi/12.3.1/../../../../arm-none-eabi/lib/thumb/v7e-m+fp/hard\libm.a(libm_a-wf_sqrt.o)
                0x08005334                sqrtf
 .text.atanf    0x08005370      0x1a8 C:/ST/STM32CubeIDE_1.17.0/STM32CubeIDE/plugins/com.st.stm32cube.ide.mcu.externaltools.gnu-tools-for-stm32.12.3.rel1.win32_1.1.0.202410251130/tools/bin/../lib/gcc/arm-none-eabi/12.3.1/../../../../arm-none-eabi/lib/thumb/v7e-m+fp/hard\libm.a(libm_a-sf_atan.o)
                0x08005370                atanf
 .text.fabsf    0x08005518        0xe C:/ST/STM32CubeIDE_1.17.0/STM32CubeIDE/plugins/com.st.stm32cube.ide.mcu.externaltools.gnu-tools-for-stm32.12.3.rel1.win32_1.1.0.202410251130/tools/bin/../lib/gcc/arm-none-eabi/12.3.1/../../../../arm-none-eabi/lib/thumb/v7e-m+fp/hard\libm.a(libm_a-sf_fabs.o)
                0x08005518                fabsf
 .text.finitef  0x08005526       0x14 C:/ST/STM32CubeIDE_1.17.0/STM32CubeIDE/plugins/com.st.stm32cube.ide.mcu.externaltools.gnu-tools-for-stm32.12.3.rel1.win32_1.1.0.202410251130/tools/bin/../lib/gcc/arm-none-eabi/12.3.1/../../../../arm-none-eabi/lib/thumb/v7e-m+fp/hard\libm.a(libm_a-sf_finite.o)
                0x08005526                finitef
 *fill*         0x0800553a        0x2 
 .text.nanf     0x0800553c        0xc C:/ST/STM32CubeIDE_1.17.0/STM32CubeIDE/plugins/com.st.stm32cube.ide.mcu.externaltools.gnu-tools-for-stm32.12.3.rel1.win32_1.1.0.202410251130/tools/bin/../lib/gcc/arm-none-eabi/12.3.1/../../../../arm-none-eabi/lib/thumb/v7e-m+fp/hard\libm.a(libm_a-sf_nan.o)
                0x0800553c                nanf
 .text.__ieee754_sqrtf
                0x08005548        0x6 C:/ST/STM32CubeIDE_1.17.0/STM32CubeIDE/plugins/com.st.stm32cube.ide.mcu.externaltools.gnu-tools-for-stm32.12.3.rel1.win32_1.1.0.202410251130/tools/bin/../lib/gcc/arm-none-eabi/12.3.1/../../../../arm-none-eabi/lib/thumb/v7e-m+fp/hard\libm.a(libm_a-ef_sqrt.o)
                0x08005548                __ieee754_sqrtf
 *fill*         0x0800554e        0x2 
 .text.__ieee754_expf
                0x08005550      0x19c C:/ST/STM32CubeIDE_1.17.0/STM32CubeIDE/plugins/com.st.stm32cube.ide.mcu.externaltools.gnu-tools-for-stm32.12.3.rel1.win32_1.1.0.202410251130/tools/bin/../lib/gcc/arm-none-eabi/12.3.1/../../../../arm-none-eabi/lib/thumb/v7e-m+fp/hard\libm.a(libm_a-ef_exp.o)
                0x08005550                __ieee754_expf
 .text.__ieee754_logf
                0x080056ec      0x1e4 C:/ST/STM32CubeIDE_1.17.0/STM32CubeIDE/plugins/com.st.stm32cube.ide.mcu.externaltools.gnu-tools-for-stm32.12.3.rel1.win32_1.1.0.202410251130/tools/bin/../lib/gcc/arm-none-eabi/12.3.1/../../../../arm-none-eabi/lib/thumb/v7e-m+fp/hard\libm.a(libm_a-ef_log.o)
                0x080056ec                __ieee754_logf
 .text.__ieee754_powf
                0x080058d0      0x5a0 C:/ST/STM32CubeIDE_1.17.0/STM32CubeIDE/plugins/com.st.stm32cube.ide.mcu.externaltools.gnu-tools-for-stm32.12.3.rel1.win32_1.1.0.202410251130/tools/bin/../lib/gcc/arm-none-eabi/12.3.1/../../../../arm-none-eabi/lib/thumb/v7e-m+fp/hard\libm.a(libm_a-ef_pow.o)
                0x080058d0                __ieee754_powf
 .text.scalbnf  0x08005e70       0xcc C:/ST/STM32CubeIDE_1.17.0/STM32CubeIDE/plugins/com.st.stm32cube.ide.mcu.externaltools.gnu-tools-for-stm32.12.3.rel1.win32_1.1.0.202410251130/tools/bin/../lib/gcc/arm-none-eabi/12.3.1/../../../../arm-none-eabi/lib/thumb/v7e-m+fp/hard\libm.a(libm_a-sf_scalbn.o)
                0x08005e70                scalbnf
 .text.with_errnof
                0x08005f3c       0x1c C:/ST/STM32CubeIDE_1.17.0/STM32CubeIDE/plugins/com.st.stm32cube.ide.mcu.externaltools.gnu-tools-for-stm32.12.3.rel1.win32_1.1.0.202410251130/tools/bin/../lib/gcc/arm-none-eabi/12.3.1/../../../../arm-none-eabi/lib/thumb/v7e-m+fp/hard\libm.a(libm_a-math_errf.o)
 .text.xflowf   0x08005f58       0x16 C:/ST/STM32CubeIDE_1.17.0/STM32CubeIDE/plugins/com.st.stm32cube.ide.mcu.externaltools.gnu-tools-for-stm32.12.3.rel1.win32_1.1.0.202410251130/tools/bin/../lib/gcc/arm-none-eabi/12.3.1/../../../../arm-none-eabi/lib/thumb/v7e-m+fp/hard\libm.a(libm_a-math_errf.o)
 *fill*         0x08005f6e        0x2 
 .text.__math_uflowf
                0x08005f70        0xc C:/ST/STM32CubeIDE_1.17.0/STM32CubeIDE/plugins/com.st.stm32cube.ide.mcu.externaltools.gnu-tools-for-stm32.12.3.rel1.win32_1.1.0.202410251130/tools/bin/../lib/gcc/arm-none-eabi/12.3.1/../../../../arm-none-eabi/lib/thumb/v7e-m+fp/hard\libm.a(libm_a-math_errf.o)
                0x08005f70                __math_uflowf
 .text.__math_oflowf
                0x08005f7c        0xc C:/ST/STM32CubeIDE_1.17.0/STM32CubeIDE/plugins/com.st.stm32cube.ide.mcu.externaltools.gnu-tools-for-stm32.12.3.rel1.win32_1.1.0.202410251130/tools/bin/../lib/gcc/arm-none-eabi/12.3.1/../../../../arm-none-eabi/lib/thumb/v7e-m+fp/hard\libm.a(libm_a-math_errf.o)
                0x08005f7c                __math_oflowf
 *(.glue_7)
 .glue_7        0x08005f88        0x0 linker stubs
 *(.glue_7t)
 .glue_7t       0x08005f88        0x0 linker stubs
 *(.eh_frame)
 .eh_frame      0x08005f88        0x0 C:/ST/STM32CubeIDE_1.17.0/STM32CubeIDE/plugins/com.st.stm32cube.ide.mcu.externaltools.gnu-tools-for-stm32.12.3.rel1.win32_1.1.0.202410251130/tools/bin/../lib/gcc/arm-none-eabi/12.3.1/thumb/v7e-m+fp/hard/crtbegin.o
 *(.init)
 .init          0x08005f88        0x4 C:/ST/STM32CubeIDE_1.17.0/STM32CubeIDE/plugins/com.st.stm32cube.ide.mcu.externaltools.gnu-tools-for-stm32.12.3.rel1.win32_1.1.0.202410251130/tools/bin/../lib/gcc/arm-none-eabi/12.3.1/thumb/v7e-m+fp/hard/crti.o
                0x08005f88                _init
 .init          0x08005f8c        0x8 C:/ST/STM32CubeIDE_1.17.0/STM32CubeIDE/plugins/com.st.stm32cube.ide.mcu.externaltools.gnu-tools-for-stm32.12.3.rel1.win32_1.1.0.202410251130/tools/bin/../lib/gcc/arm-none-eabi/12.3.1/thumb/v7e-m+fp/hard/crtn.o
 *(.fini)
 .fini          0x08005f94        0x4 C:/ST/STM32CubeIDE_1.17.0/STM32CubeIDE/plugins/com.st.stm32cube.ide.mcu.externaltools.gnu-tools-for-stm32.12.3.rel1.win32_1.1.0.202410251130/tools/bin/../lib/gcc/arm-none-eabi/12.3.1/thumb/v7e-m+fp/hard/crti.o
                0x08005f94                _fini
 .fini          0x08005f98        0x8 C:/ST/STM32CubeIDE_1.17.0/STM32CubeIDE/plugins/com.st.stm32cube.ide.mcu.externaltools.gnu-tools-for-stm32.12.3.rel1.win32_1.1.0.202410251130/tools/bin/../lib/gcc/arm-none-eabi/12.3.1/thumb/v7e-m+fp/hard/crtn.o
                0x08005fa0                        . = ALIGN (0x4)
                0x08005fa0                        _etext = .

.vfp11_veneer   0x08005fa0        0x0
 .vfp11_veneer  0x08005fa0        0x0 linker stubs

.v4_bx          0x08005fa0        0x0
 .v4_bx         0x08005fa0        0x0 linker stubs

.iplt           0x08005fa0        0x0
 .iplt          0x08005fa0        0x0 C:/ST/STM32CubeIDE_1.17.0/STM32CubeIDE/plugins/com.st.stm32cube.ide.mcu.externaltools.gnu-tools-for-stm32.12.3.rel1.win32_1.1.0.202410251130/tools/bin/../lib/gcc/arm-none-eabi/12.3.1/thumb/v7e-m+fp/hard/crtbegin.o

.rodata         0x08005fa0      0x470
                0x08005fa0                        . = ALIGN (0x4)
 *(.rodata)
 *(.rodata*)
 .rodata.LIFCR_Shifts.1
                0x08005fa0        0x4 ./Driver/DMA/DMA.o
 .rodata.HIFCR_Shifts.0
                0x08005fa4        0x4 ./Driver/DMA/DMA.o
 .rodata.DMA_Configuration
                0x08005fa8      0x404 ./Driver/I2C/I2C.o
 .rodata.AHBPrescTable
                0x080063ac       0x10 ./Src/system_stm32f4xx.o
                0x080063ac                AHBPrescTable
 .rodata.logf.str1.1
                0x080063bc        0x1 C:/ST/STM32CubeIDE_1.17.0/STM32CubeIDE/plugins/com.st.stm32cube.ide.mcu.externaltools.gnu-tools-for-stm32.12.3.rel1.win32_1.1.0.202410251130/tools/bin/../lib/gcc/arm-none-eabi/12.3.1/../../../../arm-none-eabi/lib/thumb/v7e-m+fp/hard\libm.a(libm_a-wf_log.o)
 *fill*         0x080063bd        0x3 
 .rodata.atanlo
                0x080063c0       0x10 C:/ST/STM32CubeIDE_1.17.0/STM32CubeIDE/plugins/com.st.stm32cube.ide.mcu.externaltools.gnu-tools-for-stm32.12.3.rel1.win32_1.1.0.202410251130/tools/bin/../lib/gcc/arm-none-eabi/12.3.1/../../../../arm-none-eabi/lib/thumb/v7e-m+fp/hard\libm.a(libm_a-sf_atan.o)
 .rodata.atanhi
                0x080063d0       0x10 C:/ST/STM32CubeIDE_1.17.0/STM32CubeIDE/plugins/com.st.stm32cube.ide.mcu.externaltools.gnu-tools-for-stm32.12.3.rel1.win32_1.1.0.202410251130/tools/bin/../lib/gcc/arm-none-eabi/12.3.1/../../../../arm-none-eabi/lib/thumb/v7e-m+fp/hard\libm.a(libm_a-sf_atan.o)
 .rodata.ln2LO  0x080063e0        0x8 C:/ST/STM32CubeIDE_1.17.0/STM32CubeIDE/plugins/com.st.stm32cube.ide.mcu.externaltools.gnu-tools-for-stm32.12.3.rel1.win32_1.1.0.202410251130/tools/bin/../lib/gcc/arm-none-eabi/12.3.1/../../../../arm-none-eabi/lib/thumb/v7e-m+fp/hard\libm.a(libm_a-ef_exp.o)
 .rodata.ln2HI  0x080063e8        0x8 C:/ST/STM32CubeIDE_1.17.0/STM32CubeIDE/plugins/com.st.stm32cube.ide.mcu.externaltools.gnu-tools-for-stm32.12.3.rel1.win32_1.1.0.202410251130/tools/bin/../lib/gcc/arm-none-eabi/12.3.1/../../../../arm-none-eabi/lib/thumb/v7e-m+fp/hard\libm.a(libm_a-ef_exp.o)
 .rodata.halF   0x080063f0        0x8 C:/ST/STM32CubeIDE_1.17.0/STM32CubeIDE/plugins/com.st.stm32cube.ide.mcu.externaltools.gnu-tools-for-stm32.12.3.rel1.win32_1.1.0.202410251130/tools/bin/../lib/gcc/arm-none-eabi/12.3.1/../../../../arm-none-eabi/lib/thumb/v7e-m+fp/hard\libm.a(libm_a-ef_exp.o)
 .rodata.dp_l   0x080063f8        0x8 C:/ST/STM32CubeIDE_1.17.0/STM32CubeIDE/plugins/com.st.stm32cube.ide.mcu.externaltools.gnu-tools-for-stm32.12.3.rel1.win32_1.1.0.202410251130/tools/bin/../lib/gcc/arm-none-eabi/12.3.1/../../../../arm-none-eabi/lib/thumb/v7e-m+fp/hard\libm.a(libm_a-ef_pow.o)
 .rodata.dp_h   0x08006400        0x8 C:/ST/STM32CubeIDE_1.17.0/STM32CubeIDE/plugins/com.st.stm32cube.ide.mcu.externaltools.gnu-tools-for-stm32.12.3.rel1.win32_1.1.0.202410251130/tools/bin/../lib/gcc/arm-none-eabi/12.3.1/../../../../arm-none-eabi/lib/thumb/v7e-m+fp/hard\libm.a(libm_a-ef_pow.o)
 .rodata.bp     0x08006408        0x8 C:/ST/STM32CubeIDE_1.17.0/STM32CubeIDE/plugins/com.st.stm32cube.ide.mcu.externaltools.gnu-tools-for-stm32.12.3.rel1.win32_1.1.0.202410251130/tools/bin/../lib/gcc/arm-none-eabi/12.3.1/../../../../arm-none-eabi/lib/thumb/v7e-m+fp/hard\libm.a(libm_a-ef_pow.o)
                0x08006410                        . = ALIGN (0x4)

.ARM.extab      0x08006410        0x0
                0x08006410                        . = ALIGN (0x4)
 *(.ARM.extab* .gnu.linkonce.armextab.*)
                0x08006410                        . = ALIGN (0x4)

.ARM            0x08006410        0x8
                0x08006410                        . = ALIGN (0x4)
                0x08006410                        __exidx_start = .
 *(.ARM.exidx*)
 .ARM.exidx     0x08006410        0x8 C:/ST/STM32CubeIDE_1.17.0/STM32CubeIDE/plugins/com.st.stm32cube.ide.mcu.externaltools.gnu-tools-for-stm32.12.3.rel1.win32_1.1.0.202410251130/tools/bin/../lib/gcc/arm-none-eabi/12.3.1/thumb/v7e-m+fp/hard\libgcc.a(_udivmoddi4.o)
                0x08006418                        __exidx_end = .
                0x08006418                        . = ALIGN (0x4)

.preinit_array  0x08006418        0x0
                0x08006418                        . = ALIGN (0x4)
                0x08006418                        PROVIDE (__preinit_array_start = .)
 *(.preinit_array*)
                0x08006418                        PROVIDE (__preinit_array_end = .)
                0x08006418                        . = ALIGN (0x4)

.init_array     0x08006418        0x4
                0x08006418                        . = ALIGN (0x4)
                0x08006418                        PROVIDE (__init_array_start = .)
 *(SORT_BY_NAME(.init_array.*))
 *(.init_array*)
 .init_array    0x08006418        0x4 C:/ST/STM32CubeIDE_1.17.0/STM32CubeIDE/plugins/com.st.stm32cube.ide.mcu.externaltools.gnu-tools-for-stm32.12.3.rel1.win32_1.1.0.202410251130/tools/bin/../lib/gcc/arm-none-eabi/12.3.1/thumb/v7e-m+fp/hard/crtbegin.o
                0x0800641c                        PROVIDE (__init_array_end = .)
                0x0800641c                        . = ALIGN (0x4)

.fini_array     0x0800641c        0x4
                0x0800641c                        . = ALIGN (0x4)
                [!provide]                        PROVIDE (__fini_array_start = .)
 *(SORT_BY_NAME(.fini_array.*))
 *(.fini_array*)
 .fini_array    0x0800641c        0x4 C:/ST/STM32CubeIDE_1.17.0/STM32CubeIDE/plugins/com.st.stm32cube.ide.mcu.externaltools.gnu-tools-for-stm32.12.3.rel1.win32_1.1.0.202410251130/tools/bin/../lib/gcc/arm-none-eabi/12.3.1/thumb/v7e-m+fp/hard/crtbegin.o
                [!provide]                        PROVIDE (__fini_array_end = .)
                0x08006420                        . = ALIGN (0x4)
                0x08006420                        _sidata = LOADADDR (.data)

.rel.dyn        0x08006420        0x0
 .rel.iplt      0x08006420        0x0 C:/ST/STM32CubeIDE_1.17.0/STM32CubeIDE/plugins/com.st.stm32cube.ide.mcu.externaltools.gnu-tools-for-stm32.12.3.rel1.win32_1.1.0.202410251130/tools/bin/../lib/gcc/arm-none-eabi/12.3.1/thumb/v7e-m+fp/hard/crtbegin.o

.data           0x20000000       0x54 load address 0x08006420
                0x20000000                        . = ALIGN (0x4)
                0x20000000                        _sdata = .
 *(.data)
 *(.data*)
 .data.SystemCoreClock
                0x20000000        0x4 ./Src/system_stm32f4xx.o
                0x20000000                SystemCoreClock
 .data._impure_ptr
                0x20000004        0x4 C:/ST/STM32CubeIDE_1.17.0/STM32CubeIDE/plugins/com.st.stm32cube.ide.mcu.externaltools.gnu-tools-for-stm32.12.3.rel1.win32_1.1.0.202410251130/tools/bin/../lib/gcc/arm-none-eabi/12.3.1/../../../../arm-none-eabi/lib/thumb/v7e-m+fp/hard\libc_nano.a(libc_a-impure.o)
                0x20000004                _impure_ptr
 .data._impure_data
                0x20000008       0x4c C:/ST/STM32CubeIDE_1.17.0/STM32CubeIDE/plugins/com.st.stm32cube.ide.mcu.externaltools.gnu-tools-for-stm32.12.3.rel1.win32_1.1.0.202410251130/tools/bin/../lib/gcc/arm-none-eabi/12.3.1/../../../../arm-none-eabi/lib/thumb/v7e-m+fp/hard\libc_nano.a(libc_a-impure.o)
                0x20000008                _impure_data
 *(.RamFunc)
 *(.RamFunc*)
                0x20000054                        . = ALIGN (0x4)
                0x20000054                        _edata = .
                0x08006474                        _siccmram = LOADADDR (.ccmram)

.igot.plt       0x20000054        0x0 load address 0x08006474
 .igot.plt      0x20000054        0x0 C:/ST/STM32CubeIDE_1.17.0/STM32CubeIDE/plugins/com.st.stm32cube.ide.mcu.externaltools.gnu-tools-for-stm32.12.3.rel1.win32_1.1.0.202410251130/tools/bin/../lib/gcc/arm-none-eabi/12.3.1/thumb/v7e-m+fp/hard/crtbegin.o

.ccmram         0x10000000        0x0 load address 0x08006474
                0x10000000                        . = ALIGN (0x4)
                0x10000000                        _sccmram = .
 *(.ccmram)
 *(.ccmram*)
                0x10000000                        . = ALIGN (0x4)
                0x10000000                        _eccmram = .
                0x10000000                        . = ALIGN (0x4)

.bss            0x20000054      0x480
                0x20000054                        _sbss = .
                0x20000054                        __bss_start__ = _sbss
 *(.bss)
 .bss           0x20000054       0x1c C:/ST/STM32CubeIDE_1.17.0/STM32CubeIDE/plugins/com.st.stm32cube.ide.mcu.externaltools.gnu-tools-for-stm32.12.3.rel1.win32_1.1.0.202410251130/tools/bin/../lib/gcc/arm-none-eabi/12.3.1/thumb/v7e-m+fp/hard/crtbegin.o
 *(.bss*)
 .bss.calib     0x20000070       0x28 ./Devices/BME280/BME280.o
 .bss.__DMA1_Stream0_Config__
                0x20000098        0x4 ./Driver/DMA/DMA.o
                0x20000098                __DMA1_Stream0_Config__
 .bss.__DMA1_Stream1_Config__
                0x2000009c        0x4 ./Driver/DMA/DMA.o
                0x2000009c                __DMA1_Stream1_Config__
 .bss.__DMA1_Stream2_Config__
                0x200000a0        0x4 ./Driver/DMA/DMA.o
                0x200000a0                __DMA1_Stream2_Config__
 .bss.__DMA1_Stream3_Config__
                0x200000a4        0x4 ./Driver/DMA/DMA.o
                0x200000a4                __DMA1_Stream3_Config__
 .bss.__DMA1_Stream4_Config__
                0x200000a8        0x4 ./Driver/DMA/DMA.o
                0x200000a8                __DMA1_Stream4_Config__
 .bss.__DMA1_Stream5_Config__
                0x200000ac        0x4 ./Driver/DMA/DMA.o
                0x200000ac                __DMA1_Stream5_Config__
 .bss.__DMA1_Stream6_Config__
                0x200000b0        0x4 ./Driver/DMA/DMA.o
                0x200000b0                __DMA1_Stream6_Config__
 .bss.__DMA1_Stream7_Config__
                0x200000b4        0x4 ./Driver/DMA/DMA.o
                0x200000b4                __DMA1_Stream7_Config__
 .bss.__DMA2_Stream0_Config__
                0x200000b8        0x4 ./Driver/DMA/DMA.o
                0x200000b8                __DMA2_Stream0_Config__
 .bss.__DMA2_Stream1_Config__
                0x200000bc        0x4 ./Driver/DMA/DMA.o
                0x200000bc                __DMA2_Stream1_Config__
 .bss.__DMA2_Stream2_Config__
                0x200000c0        0x4 ./Driver/DMA/DMA.o
                0x200000c0                __DMA2_Stream2_Config__
 .bss.__DMA2_Stream3_Config__
                0x200000c4        0x4 ./Driver/DMA/DMA.o
                0x200000c4                __DMA2_Stream3_Config__
 .bss.__DMA2_Stream4_Config__
                0x200000c8        0x4 ./Driver/DMA/DMA.o
                0x200000c8                __DMA2_Stream4_Config__
 .bss.__DMA2_Stream5_Config__
                0x200000cc        0x4 ./Driver/DMA/DMA.o
                0x200000cc                __DMA2_Stream5_Config__
 .bss.__DMA2_Stream6_Config__
                0x200000d0        0x4 ./Driver/DMA/DMA.o
                0x200000d0                __DMA2_Stream6_Config__
 .bss.__DMA2_Stream7_Config__
                0x200000d4        0x4 ./Driver/DMA/DMA.o
                0x200000d4                __DMA2_Stream7_Config__
 .bss.DMA_LISR  0x200000d8        0x4 ./Driver/DMA/DMA.o
                0x200000d8                DMA_LISR
 .bss.DMA_HISR  0x200000dc        0x4 ./Driver/DMA/DMA.o
                0x200000dc                DMA_HISR
 .bss.EXTI_ISR  0x200000e0       0x40 ./Driver/GPIO/GPIO.o
                0x200000e0                EXTI_ISR
 .bss.xI2C1_TX  0x20000120       0x58 ./Driver/I2C/I2C.o
                0x20000120                xI2C1_TX
 .bss.xI2C2_TX  0x20000178       0x58 ./Driver/I2C/I2C.o
                0x20000178                xI2C2_TX
 .bss.xI2C3_TX  0x200001d0       0x58 ./Driver/I2C/I2C.o
                0x200001d0                xI2C3_TX
 .bss.xI2C1_RX  0x20000228       0x58 ./Driver/I2C/I2C.o
                0x20000228                xI2C1_RX
 .bss.xI2C2_RX  0x20000280       0x58 ./Driver/I2C/I2C.o
                0x20000280                xI2C2_RX
 .bss.xI2C3_RX  0x200002d8       0x58 ./Driver/I2C/I2C.o
                0x200002d8                xI2C3_RX
 .bss.I2C1_DMA_TX_ISR_Flag
                0x20000330        0x1 ./Driver/I2C/I2C.o
                0x20000330                I2C1_DMA_TX_ISR_Flag
 .bss.I2C2_DMA_TX_ISR_Flag
                0x20000331        0x1 ./Driver/I2C/I2C.o
                0x20000331                I2C2_DMA_TX_ISR_Flag
 .bss.I2C3_DMA_TX_ISR_Flag
                0x20000332        0x1 ./Driver/I2C/I2C.o
                0x20000332                I2C3_DMA_TX_ISR_Flag
 .bss.I2C1_DMA_RX_ISR_Flag
                0x20000333        0x1 ./Driver/I2C/I2C.o
                0x20000333                I2C1_DMA_RX_ISR_Flag
 .bss.I2C2_DMA_RX_ISR_Flag
                0x20000334        0x1 ./Driver/I2C/I2C.o
                0x20000334                I2C2_DMA_RX_ISR_Flag
 .bss.I2C3_DMA_RX_ISR_Flag
                0x20000335        0x1 ./Driver/I2C/I2C.o
                0x20000335                I2C3_DMA_RX_ISR_Flag
 *fill*         0x20000336        0x2 
 .bss.__timer_1_config__
                0x20000338        0x4 ./Driver/Timer/Timer.o
                0x20000338                __timer_1_config__
 .bss.__timer_2_config__
                0x2000033c        0x4 ./Driver/Timer/Timer.o
                0x2000033c                __timer_2_config__
 .bss.__timer_3_config__
                0x20000340        0x4 ./Driver/Timer/Timer.o
                0x20000340                __timer_3_config__
 .bss.__timer_4_config__
                0x20000344        0x4 ./Driver/Timer/Timer.o
                0x20000344                __timer_4_config__
 .bss.__timer_5_config__
                0x20000348        0x4 ./Driver/Timer/Timer.o
                0x20000348                __timer_5_config__
 .bss.__timer_6_config__
                0x2000034c        0x4 ./Driver/Timer/Timer.o
                0x2000034c                __timer_6_config__
 .bss.__timer_7_config__
                0x20000350        0x4 ./Driver/Timer/Timer.o
                0x20000350                __timer_7_config__
 .bss.__timer_8_config__
                0x20000354        0x4 ./Driver/Timer/Timer.o
                0x20000354                __timer_8_config__
 .bss.__timer_9_config__
                0x20000358        0x4 ./Driver/Timer/Timer.o
                0x20000358                __timer_9_config__
 .bss.__timer_10_config__
                0x2000035c        0x4 ./Driver/Timer/Timer.o
                0x2000035c                __timer_10_config__
 .bss.__timer_11_config__
                0x20000360        0x4 ./Driver/Timer/Timer.o
                0x20000360                __timer_11_config__
 .bss.__timer_12_config__
                0x20000364        0x4 ./Driver/Timer/Timer.o
                0x20000364                __timer_12_config__
 .bss.__timer_13_config__
                0x20000368        0x4 ./Driver/Timer/Timer.o
                0x20000368                __timer_13_config__
 .bss.__timer_14_config__
                0x2000036c        0x4 ./Driver/Timer/Timer.o
                0x2000036c                __timer_14_config__
 .bss.__usart_1_config__
                0x20000370        0x4 ./Driver/USART/USART.o
                0x20000370                __usart_1_config__
 .bss.__usart_4_config__
                0x20000374        0x4 ./Driver/USART/USART.o
                0x20000374                __usart_4_config__
 .bss.USART_SR  0x20000378        0x2 ./Driver/USART/USART.o
                0x20000378                USART_SR
 *fill*         0x2000037a        0x2 
 .bss.BME280    0x2000037c       0x1c ./Src/main.o
                0x2000037c                BME280
 .bss.currentUnit
                0x20000398        0x1 ./Src/main.o
                0x20000398                currentUnit
 .bss.currentPage
                0x20000399        0x1 ./Src/main.o
                0x20000399                currentPage
 *fill*         0x2000039a        0x2 
 .bss.__sf      0x2000039c      0x138 C:/ST/STM32CubeIDE_1.17.0/STM32CubeIDE/plugins/com.st.stm32cube.ide.mcu.externaltools.gnu-tools-for-stm32.12.3.rel1.win32_1.1.0.202410251130/tools/bin/../lib/gcc/arm-none-eabi/12.3.1/../../../../arm-none-eabi/lib/thumb/v7e-m+fp/hard\libc_nano.a(libc_a-findfp.o)
                0x2000039c                __sf
 *(COMMON)
                0x200004d4                        . = ALIGN (0x4)
                0x200004d4                        _ebss = .
                0x200004d4                        __bss_end__ = _ebss

._user_heap_stack
                0x200004d4      0x604
                0x200004d8                        . = ALIGN (0x8)
 *fill*         0x200004d4        0x4 
                [!provide]                        PROVIDE (end = .)
                0x200004d8                        PROVIDE (_end = .)
                0x200006d8                        . = (. + _Min_Heap_Size)
 *fill*         0x200004d8      0x200 
                0x20000ad8                        . = (. + _Min_Stack_Size)
 *fill*         0x200006d8      0x400 
                0x20000ad8                        . = ALIGN (0x8)

/DISCARD/
 libc.a(*)
 libm.a(*)
 libgcc.a(*)

.ARM.attributes
                0x00000000       0x30
 *(.ARM.attributes)
 .ARM.attributes
                0x00000000       0x22 C:/ST/STM32CubeIDE_1.17.0/STM32CubeIDE/plugins/com.st.stm32cube.ide.mcu.externaltools.gnu-tools-for-stm32.12.3.rel1.win32_1.1.0.202410251130/tools/bin/../lib/gcc/arm-none-eabi/12.3.1/thumb/v7e-m+fp/hard/crti.o
 .ARM.attributes
                0x00000022       0x34 C:/ST/STM32CubeIDE_1.17.0/STM32CubeIDE/plugins/com.st.stm32cube.ide.mcu.externaltools.gnu-tools-for-stm32.12.3.rel1.win32_1.1.0.202410251130/tools/bin/../lib/gcc/arm-none-eabi/12.3.1/thumb/v7e-m+fp/hard/crtbegin.o
 .ARM.attributes
                0x00000056       0x34 ./Application/Humidity_Gauge/Humidity_Gauge.o
 .ARM.attributes
                0x0000008a       0x34 ./Devices/BME280/BME280.o
 .ARM.attributes
                0x000000be       0x34 ./Driver/DMA/DMA.o
 .ARM.attributes
                0x000000f2       0x34 ./Driver/GPIO/GPIO.o
 .ARM.attributes
                0x00000126       0x34 ./Driver/I2C/I2C.o
 .ARM.attributes
                0x0000015a       0x34 ./Driver/Timer/Timer.o
 .ARM.attributes
                0x0000018e       0x34 ./Driver/USART/USART.o
 .ARM.attributes
                0x000001c2       0x34 ./Src/main.o
 .ARM.attributes
                0x000001f6       0x34 ./Src/system_stm32f4xx.o
 .ARM.attributes
                0x0000022a       0x21 ./Startup/startup_stm32f407vgtx.o
 .ARM.attributes
                0x0000024b       0x34 C:/ST/STM32CubeIDE_1.17.0/STM32CubeIDE/plugins/com.st.stm32cube.ide.mcu.externaltools.gnu-tools-for-stm32.12.3.rel1.win32_1.1.0.202410251130/tools/bin/../lib/gcc/arm-none-eabi/12.3.1/../../../../arm-none-eabi/lib/thumb/v7e-m+fp/hard\libc_nano.a(libc_a-findfp.o)
 .ARM.attributes
                0x0000027f       0x34 C:/ST/STM32CubeIDE_1.17.0/STM32CubeIDE/plugins/com.st.stm32cube.ide.mcu.externaltools.gnu-tools-for-stm32.12.3.rel1.win32_1.1.0.202410251130/tools/bin/../lib/gcc/arm-none-eabi/12.3.1/../../../../arm-none-eabi/lib/thumb/v7e-m+fp/hard\libc_nano.a(libc_a-impure.o)
 .ARM.attributes
                0x000002b3       0x34 C:/ST/STM32CubeIDE_1.17.0/STM32CubeIDE/plugins/com.st.stm32cube.ide.mcu.externaltools.gnu-tools-for-stm32.12.3.rel1.win32_1.1.0.202410251130/tools/bin/../lib/gcc/arm-none-eabi/12.3.1/../../../../arm-none-eabi/lib/thumb/v7e-m+fp/hard\libc_nano.a(libc_a-errno.o)
 .ARM.attributes
                0x000002e7       0x34 C:/ST/STM32CubeIDE_1.17.0/STM32CubeIDE/plugins/com.st.stm32cube.ide.mcu.externaltools.gnu-tools-for-stm32.12.3.rel1.win32_1.1.0.202410251130/tools/bin/../lib/gcc/arm-none-eabi/12.3.1/../../../../arm-none-eabi/lib/thumb/v7e-m+fp/hard\libc_nano.a(libc_a-init.o)
 .ARM.attributes
                0x0000031b       0x34 C:/ST/STM32CubeIDE_1.17.0/STM32CubeIDE/plugins/com.st.stm32cube.ide.mcu.externaltools.gnu-tools-for-stm32.12.3.rel1.win32_1.1.0.202410251130/tools/bin/../lib/gcc/arm-none-eabi/12.3.1/../../../../arm-none-eabi/lib/thumb/v7e-m+fp/hard\libm.a(libm_a-wf_exp.o)
 .ARM.attributes
                0x0000034f       0x34 C:/ST/STM32CubeIDE_1.17.0/STM32CubeIDE/plugins/com.st.stm32cube.ide.mcu.externaltools.gnu-tools-for-stm32.12.3.rel1.win32_1.1.0.202410251130/tools/bin/../lib/gcc/arm-none-eabi/12.3.1/../../../../arm-none-eabi/lib/thumb/v7e-m+fp/hard\libm.a(libm_a-wf_log.o)
 .ARM.attributes
                0x00000383       0x34 C:/ST/STM32CubeIDE_1.17.0/STM32CubeIDE/plugins/com.st.stm32cube.ide.mcu.externaltools.gnu-tools-for-stm32.12.3.rel1.win32_1.1.0.202410251130/tools/bin/../lib/gcc/arm-none-eabi/12.3.1/../../../../arm-none-eabi/lib/thumb/v7e-m+fp/hard\libm.a(libm_a-wf_pow.o)
 .ARM.attributes
                0x000003b7       0x34 C:/ST/STM32CubeIDE_1.17.0/STM32CubeIDE/plugins/com.st.stm32cube.ide.mcu.externaltools.gnu-tools-for-stm32.12.3.rel1.win32_1.1.0.202410251130/tools/bin/../lib/gcc/arm-none-eabi/12.3.1/../../../../arm-none-eabi/lib/thumb/v7e-m+fp/hard\libm.a(libm_a-wf_sqrt.o)
 .ARM.attributes
                0x000003eb       0x34 C:/ST/STM32CubeIDE_1.17.0/STM32CubeIDE/plugins/com.st.stm32cube.ide.mcu.externaltools.gnu-tools-for-stm32.12.3.rel1.win32_1.1.0.202410251130/tools/bin/../lib/gcc/arm-none-eabi/12.3.1/../../../../arm-none-eabi/lib/thumb/v7e-m+fp/hard\libm.a(libm_a-sf_atan.o)
 .ARM.attributes
                0x0000041f       0x34 C:/ST/STM32CubeIDE_1.17.0/STM32CubeIDE/plugins/com.st.stm32cube.ide.mcu.externaltools.gnu-tools-for-stm32.12.3.rel1.win32_1.1.0.202410251130/tools/bin/../lib/gcc/arm-none-eabi/12.3.1/../../../../arm-none-eabi/lib/thumb/v7e-m+fp/hard\libm.a(libm_a-sf_fabs.o)
 .ARM.attributes
                0x00000453       0x34 C:/ST/STM32CubeIDE_1.17.0/STM32CubeIDE/plugins/com.st.stm32cube.ide.mcu.externaltools.gnu-tools-for-stm32.12.3.rel1.win32_1.1.0.202410251130/tools/bin/../lib/gcc/arm-none-eabi/12.3.1/../../../../arm-none-eabi/lib/thumb/v7e-m+fp/hard\libm.a(libm_a-sf_finite.o)
 .ARM.attributes
                0x00000487       0x34 C:/ST/STM32CubeIDE_1.17.0/STM32CubeIDE/plugins/com.st.stm32cube.ide.mcu.externaltools.gnu-tools-for-stm32.12.3.rel1.win32_1.1.0.202410251130/tools/bin/../lib/gcc/arm-none-eabi/12.3.1/../../../../arm-none-eabi/lib/thumb/v7e-m+fp/hard\libm.a(libm_a-sf_nan.o)
 .ARM.attributes
                0x000004bb       0x34 C:/ST/STM32CubeIDE_1.17.0/STM32CubeIDE/plugins/com.st.stm32cube.ide.mcu.externaltools.gnu-tools-for-stm32.12.3.rel1.win32_1.1.0.202410251130/tools/bin/../lib/gcc/arm-none-eabi/12.3.1/../../../../arm-none-eabi/lib/thumb/v7e-m+fp/hard\libm.a(libm_a-ef_sqrt.o)
 .ARM.attributes
                0x000004ef       0x34 C:/ST/STM32CubeIDE_1.17.0/STM32CubeIDE/plugins/com.st.stm32cube.ide.mcu.externaltools.gnu-tools-for-stm32.12.3.rel1.win32_1.1.0.202410251130/tools/bin/../lib/gcc/arm-none-eabi/12.3.1/../../../../arm-none-eabi/lib/thumb/v7e-m+fp/hard\libm.a(libm_a-ef_exp.o)
 .ARM.attributes
                0x00000523       0x34 C:/ST/STM32CubeIDE_1.17.0/STM32CubeIDE/plugins/com.st.stm32cube.ide.mcu.externaltools.gnu-tools-for-stm32.12.3.rel1.win32_1.1.0.202410251130/tools/bin/../lib/gcc/arm-none-eabi/12.3.1/../../../../arm-none-eabi/lib/thumb/v7e-m+fp/hard\libm.a(libm_a-ef_log.o)
 .ARM.attributes
                0x00000557       0x34 C:/ST/STM32CubeIDE_1.17.0/STM32CubeIDE/plugins/com.st.stm32cube.ide.mcu.externaltools.gnu-tools-for-stm32.12.3.rel1.win32_1.1.0.202410251130/tools/bin/../lib/gcc/arm-none-eabi/12.3.1/../../../../arm-none-eabi/lib/thumb/v7e-m+fp/hard\libm.a(libm_a-ef_pow.o)
 .ARM.attributes
                0x0000058b       0x34 C:/ST/STM32CubeIDE_1.17.0/STM32CubeIDE/plugins/com.st.stm32cube.ide.mcu.externaltools.gnu-tools-for-stm32.12.3.rel1.win32_1.1.0.202410251130/tools/bin/../lib/gcc/arm-none-eabi/12.3.1/../../../../arm-none-eabi/lib/thumb/v7e-m+fp/hard\libm.a(libm_a-sf_scalbn.o)
 .ARM.attributes
                0x000005bf       0x34 C:/ST/STM32CubeIDE_1.17.0/STM32CubeIDE/plugins/com.st.stm32cube.ide.mcu.externaltools.gnu-tools-for-stm32.12.3.rel1.win32_1.1.0.202410251130/tools/bin/../lib/gcc/arm-none-eabi/12.3.1/../../../../arm-none-eabi/lib/thumb/v7e-m+fp/hard\libm.a(libm_a-math_errf.o)
 .ARM.attributes
                0x000005f3       0x22 C:/ST/STM32CubeIDE_1.17.0/STM32CubeIDE/plugins/com.st.stm32cube.ide.mcu.externaltools.gnu-tools-for-stm32.12.3.rel1.win32_1.1.0.202410251130/tools/bin/../lib/gcc/arm-none-eabi/12.3.1/thumb/v7e-m+fp/hard\libgcc.a(_arm_addsubsf3.o)
 .ARM.attributes
                0x00000615       0x22 C:/ST/STM32CubeIDE_1.17.0/STM32CubeIDE/plugins/com.st.stm32cube.ide.mcu.externaltools.gnu-tools-for-stm32.12.3.rel1.win32_1.1.0.202410251130/tools/bin/../lib/gcc/arm-none-eabi/12.3.1/thumb/v7e-m+fp/hard\libgcc.a(_aeabi_ldivmod.o)
 .ARM.attributes
                0x00000637       0x34 C:/ST/STM32CubeIDE_1.17.0/STM32CubeIDE/plugins/com.st.stm32cube.ide.mcu.externaltools.gnu-tools-for-stm32.12.3.rel1.win32_1.1.0.202410251130/tools/bin/../lib/gcc/arm-none-eabi/12.3.1/thumb/v7e-m+fp/hard\libgcc.a(_udivmoddi4.o)
 .ARM.attributes
                0x0000066b       0x22 C:/ST/STM32CubeIDE_1.17.0/STM32CubeIDE/plugins/com.st.stm32cube.ide.mcu.externaltools.gnu-tools-for-stm32.12.3.rel1.win32_1.1.0.202410251130/tools/bin/../lib/gcc/arm-none-eabi/12.3.1/thumb/v7e-m+fp/hard\libgcc.a(_dvmd_tls.o)
 .ARM.attributes
                0x0000068d       0x22 C:/ST/STM32CubeIDE_1.17.0/STM32CubeIDE/plugins/com.st.stm32cube.ide.mcu.externaltools.gnu-tools-for-stm32.12.3.rel1.win32_1.1.0.202410251130/tools/bin/../lib/gcc/arm-none-eabi/12.3.1/thumb/v7e-m+fp/hard/crtn.o
OUTPUT(Digital-Humidity-Gauge.elf elf32-littlearm)
LOAD linker stubs
LOAD C:/ST/STM32CubeIDE_1.17.0/STM32CubeIDE/plugins/com.st.stm32cube.ide.mcu.externaltools.gnu-tools-for-stm32.12.3.rel1.win32_1.1.0.202410251130/tools/bin/../lib/gcc/arm-none-eabi/12.3.1/../../../../arm-none-eabi/lib/thumb/v7e-m+fp/hard\libc.a
LOAD C:/ST/STM32CubeIDE_1.17.0/STM32CubeIDE/plugins/com.st.stm32cube.ide.mcu.externaltools.gnu-tools-for-stm32.12.3.rel1.win32_1.1.0.202410251130/tools/bin/../lib/gcc/arm-none-eabi/12.3.1/../../../../arm-none-eabi/lib/thumb/v7e-m+fp/hard\libm.a
LOAD C:/ST/STM32CubeIDE_1.17.0/STM32CubeIDE/plugins/com.st.stm32cube.ide.mcu.externaltools.gnu-tools-for-stm32.12.3.rel1.win32_1.1.0.202410251130/tools/bin/../lib/gcc/arm-none-eabi/12.3.1/thumb/v7e-m+fp/hard\libgcc.a

.debug_info     0x00000000     0xdf43
 .debug_info    0x00000000     0x120b ./Application/Humidity_Gauge/Humidity_Gauge.o
 .debug_info    0x0000120b     0x1589 ./Devices/BME280/BME280.o
 .debug_info    0x00002794     0x1411 ./Driver/DMA/DMA.o
 .debug_info    0x00003ba5      0xfca ./Driver/GPIO/GPIO.o
 .debug_info    0x00004b6f     0x1b44 ./Driver/I2C/I2C.o
 .debug_info    0x000066b3     0x25e9 ./Driver/Timer/Timer.o
 .debug_info    0x00008c9c     0x2717 ./Driver/USART/USART.o
 .debug_info    0x0000b3b3     0x2655 ./Src/main.o
 .debug_info    0x0000da08      0x50b ./Src/system_stm32f4xx.o
 .debug_info    0x0000df13       0x30 ./Startup/startup_stm32f407vgtx.o

.debug_abbrev   0x00000000     0x16b5
 .debug_abbrev  0x00000000      0x1f1 ./Application/Humidity_Gauge/Humidity_Gauge.o
 .debug_abbrev  0x000001f1      0x25c ./Devices/BME280/BME280.o
 .debug_abbrev  0x0000044d      0x237 ./Driver/DMA/DMA.o
 .debug_abbrev  0x00000684      0x275 ./Driver/GPIO/GPIO.o
 .debug_abbrev  0x000008f9      0x31c ./Driver/I2C/I2C.o
 .debug_abbrev  0x00000c15      0x30f ./Driver/Timer/Timer.o
 .debug_abbrev  0x00000f24      0x38d ./Driver/USART/USART.o
 .debug_abbrev  0x000012b1      0x2c6 ./Src/main.o
 .debug_abbrev  0x00001577      0x11a ./Src/system_stm32f4xx.o
 .debug_abbrev  0x00001691       0x24 ./Startup/startup_stm32f407vgtx.o

.debug_aranges  0x00000000      0x580
 .debug_aranges
                0x00000000       0x38 ./Application/Humidity_Gauge/Humidity_Gauge.o
 .debug_aranges
                0x00000038       0x50 ./Devices/BME280/BME280.o
 .debug_aranges
                0x00000088       0xe0 ./Driver/DMA/DMA.o
 .debug_aranges
                0x00000168       0x80 ./Driver/GPIO/GPIO.o
 .debug_aranges
                0x000001e8       0xe0 ./Driver/I2C/I2C.o
 .debug_aranges
                0x000002c8      0x168 ./Driver/Timer/Timer.o
 .debug_aranges
                0x00000430       0xa0 ./Driver/USART/USART.o
 .debug_aranges
                0x000004d0       0x60 ./Src/main.o
 .debug_aranges
                0x00000530       0x28 ./Src/system_stm32f4xx.o
 .debug_aranges
                0x00000558       0x28 ./Startup/startup_stm32f407vgtx.o

.debug_rnglists
                0x00000000      0x439
 .debug_rnglists
                0x00000000       0x27 ./Application/Humidity_Gauge/Humidity_Gauge.o
 .debug_rnglists
                0x00000027       0x3a ./Devices/BME280/BME280.o
 .debug_rnglists
                0x00000061       0xb7 ./Driver/DMA/DMA.o
 .debug_rnglists
                0x00000118       0x5f ./Driver/GPIO/GPIO.o
 .debug_rnglists
                0x00000177       0xaa ./Driver/I2C/I2C.o
 .debug_rnglists
                0x00000221      0x124 ./Driver/Timer/Timer.o
 .debug_rnglists
                0x00000345       0x7c ./Driver/USART/USART.o
 .debug_rnglists
                0x000003c1       0x45 ./Src/main.o
 .debug_rnglists
                0x00000406       0x1a ./Src/system_stm32f4xx.o
 .debug_rnglists
                0x00000420       0x19 ./Startup/startup_stm32f407vgtx.o

.debug_macro    0x00000000    0x1a95a
 .debug_macro   0x00000000      0x2af ./Application/Humidity_Gauge/Humidity_Gauge.o
 .debug_macro   0x000002af      0xaba ./Application/Humidity_Gauge/Humidity_Gauge.o
 .debug_macro   0x00000d69       0x2f ./Application/Humidity_Gauge/Humidity_Gauge.o
 .debug_macro   0x00000d98       0x22 ./Application/Humidity_Gauge/Humidity_Gauge.o
 .debug_macro   0x00000dba       0x8e ./Application/Humidity_Gauge/Humidity_Gauge.o
 .debug_macro   0x00000e48       0x51 ./Application/Humidity_Gauge/Humidity_Gauge.o
 .debug_macro   0x00000e99      0x103 ./Application/Humidity_Gauge/Humidity_Gauge.o
 .debug_macro   0x00000f9c       0x6a ./Application/Humidity_Gauge/Humidity_Gauge.o
 .debug_macro   0x00001006      0x1df ./Application/Humidity_Gauge/Humidity_Gauge.o
 .debug_macro   0x000011e5       0x1c ./Application/Humidity_Gauge/Humidity_Gauge.o
 .debug_macro   0x00001201       0x22 ./Application/Humidity_Gauge/Humidity_Gauge.o
 .debug_macro   0x00001223       0xfb ./Application/Humidity_Gauge/Humidity_Gauge.o
 .debug_macro   0x0000131e     0x1011 ./Application/Humidity_Gauge/Humidity_Gauge.o
 .debug_macro   0x0000232f      0x11f ./Application/Humidity_Gauge/Humidity_Gauge.o
 .debug_macro   0x0000244e    0x15e97 ./Application/Humidity_Gauge/Humidity_Gauge.o
 .debug_macro   0x000182e5       0x97 ./Application/Humidity_Gauge/Humidity_Gauge.o
 .debug_macro   0x0001837c       0x61 ./Application/Humidity_Gauge/Humidity_Gauge.o
 .debug_macro   0x000183dd       0x2a ./Application/Humidity_Gauge/Humidity_Gauge.o
 .debug_macro   0x00018407       0x43 ./Application/Humidity_Gauge/Humidity_Gauge.o
 .debug_macro   0x0001844a       0x34 ./Application/Humidity_Gauge/Humidity_Gauge.o
 .debug_macro   0x0001847e       0x16 ./Application/Humidity_Gauge/Humidity_Gauge.o
 .debug_macro   0x00018494       0x9e ./Application/Humidity_Gauge/Humidity_Gauge.o
 .debug_macro   0x00018532      0x369 ./Application/Humidity_Gauge/Humidity_Gauge.o
 .debug_macro   0x0001889b      0x10b ./Application/Humidity_Gauge/Humidity_Gauge.o
 .debug_macro   0x000189a6       0x10 ./Application/Humidity_Gauge/Humidity_Gauge.o
 .debug_macro   0x000189b6       0x16 ./Application/Humidity_Gauge/Humidity_Gauge.o
 .debug_macro   0x000189cc       0x43 ./Application/Humidity_Gauge/Humidity_Gauge.o
 .debug_macro   0x00018a0f       0x34 ./Application/Humidity_Gauge/Humidity_Gauge.o
 .debug_macro   0x00018a43       0x10 ./Application/Humidity_Gauge/Humidity_Gauge.o
 .debug_macro   0x00018a53       0x58 ./Application/Humidity_Gauge/Humidity_Gauge.o
 .debug_macro   0x00018aab       0x8e ./Application/Humidity_Gauge/Humidity_Gauge.o
 .debug_macro   0x00018b39       0x1c ./Application/Humidity_Gauge/Humidity_Gauge.o
 .debug_macro   0x00018b55      0x177 ./Application/Humidity_Gauge/Humidity_Gauge.o
 .debug_macro   0x00018ccc       0x16 ./Application/Humidity_Gauge/Humidity_Gauge.o
 .debug_macro   0x00018ce2       0x16 ./Application/Humidity_Gauge/Humidity_Gauge.o
 .debug_macro   0x00018cf8      0x146 ./Application/Humidity_Gauge/Humidity_Gauge.o
 .debug_macro   0x00018e3e      0x19b ./Application/Humidity_Gauge/Humidity_Gauge.o
 .debug_macro   0x00018fd9       0x10 ./Application/Humidity_Gauge/Humidity_Gauge.o
 .debug_macro   0x00018fe9       0x35 ./Application/Humidity_Gauge/Humidity_Gauge.o
 .debug_macro   0x0001901e      0x460 ./Application/Humidity_Gauge/Humidity_Gauge.o
 .debug_macro   0x0001947e       0x16 ./Application/Humidity_Gauge/Humidity_Gauge.o
 .debug_macro   0x00019494       0x20 ./Application/Humidity_Gauge/Humidity_Gauge.o
 .debug_macro   0x000194b4       0x16 ./Application/Humidity_Gauge/Humidity_Gauge.o
 .debug_macro   0x000194ca       0x16 ./Application/Humidity_Gauge/Humidity_Gauge.o
 .debug_macro   0x000194e0       0x29 ./Application/Humidity_Gauge/Humidity_Gauge.o
 .debug_macro   0x00019509       0x4c ./Application/Humidity_Gauge/Humidity_Gauge.o
 .debug_macro   0x00019555       0x22 ./Application/Humidity_Gauge/Humidity_Gauge.o
 .debug_macro   0x00019577       0x10 ./Application/Humidity_Gauge/Humidity_Gauge.o
 .debug_macro   0x00019587       0x28 ./Application/Humidity_Gauge/Humidity_Gauge.o
 .debug_macro   0x000195af      0x2a0 ./Devices/BME280/BME280.o
 .debug_macro   0x0001984f      0x268 ./Driver/DMA/DMA.o
 .debug_macro   0x00019ab7      0x27a ./Driver/GPIO/GPIO.o
 .debug_macro   0x00019d31      0x296 ./Driver/I2C/I2C.o
 .debug_macro   0x00019fc7      0x290 ./Driver/Timer/Timer.o
 .debug_macro   0x0001a257      0x290 ./Driver/USART/USART.o
 .debug_macro   0x0001a4e7      0x2c0 ./Src/main.o
 .debug_macro   0x0001a7a7       0x10 ./Src/main.o
 .debug_macro   0x0001a7b7       0x2e ./Src/main.o
 .debug_macro   0x0001a7e5       0xda ./Src/system_stm32f4xx.o
 .debug_macro   0x0001a8bf       0x2e ./Src/system_stm32f4xx.o
 .debug_macro   0x0001a8ed       0x6d ./Src/system_stm32f4xx.o

.debug_line     0x00000000     0xa5ec
 .debug_line    0x00000000      0x8f0 ./Application/Humidity_Gauge/Humidity_Gauge.o
 .debug_line    0x000008f0      0xb24 ./Devices/BME280/BME280.o
 .debug_line    0x00001414     0x1c75 ./Driver/DMA/DMA.o
 .debug_line    0x00003089      0xb7b ./Driver/GPIO/GPIO.o
 .debug_line    0x00003c04     0x1389 ./Driver/I2C/I2C.o
 .debug_line    0x00004f8d     0x241b ./Driver/Timer/Timer.o
 .debug_line    0x000073a8     0x2154 ./Driver/USART/USART.o
 .debug_line    0x000094fc      0xb44 ./Src/main.o
 .debug_line    0x0000a040      0x531 ./Src/system_stm32f4xx.o
 .debug_line    0x0000a571       0x7b ./Startup/startup_stm32f407vgtx.o

.debug_str      0x00000000    0x90c35
 .debug_str     0x00000000    0x8e075 ./Application/Humidity_Gauge/Humidity_Gauge.o
                              0x8e39e (size before relaxing)
 .debug_str     0x0008e075      0x283 ./Devices/BME280/BME280.o
                              0x8e515 (size before relaxing)
 .debug_str     0x0008e2f8      0xc60 ./Driver/DMA/DMA.o
                              0x8eae5 (size before relaxing)
 .debug_str     0x0008ef58      0x376 ./Driver/GPIO/GPIO.o
                              0x8e5c3 (size before relaxing)
 .debug_str     0x0008f2ce      0x293 ./Driver/I2C/I2C.o
                              0x8e95f (size before relaxing)
 .debug_str     0x0008f561      0xc40 ./Driver/Timer/Timer.o
                              0x8f618 (size before relaxing)
 .debug_str     0x000901a1      0x851 ./Driver/USART/USART.o
                              0x8f3c6 (size before relaxing)
 .debug_str     0x000909f2      0x183 ./Src/main.o
                              0x8f11b (size before relaxing)
 .debug_str     0x00090b75       0x81 ./Src/system_stm32f4xx.o
                              0x88590 (size before relaxing)
 .debug_str     0x00090bf6       0x3f ./Startup/startup_stm32f407vgtx.o
                                 0x72 (size before relaxing)

.comment        0x00000000       0x43
 .comment       0x00000000       0x43 ./Application/Humidity_Gauge/Humidity_Gauge.o
                                 0x44 (size before relaxing)
 .comment       0x00000043       0x44 ./Devices/BME280/BME280.o
 .comment       0x00000043       0x44 ./Driver/DMA/DMA.o
 .comment       0x00000043       0x44 ./Driver/GPIO/GPIO.o
 .comment       0x00000043       0x44 ./Driver/I2C/I2C.o
 .comment       0x00000043       0x44 ./Driver/Timer/Timer.o
 .comment       0x00000043       0x44 ./Driver/USART/USART.o
 .comment       0x00000043       0x44 ./Src/main.o
 .comment       0x00000043       0x44 ./Src/system_stm32f4xx.o

.debug_frame    0x00000000     0x1a28
 .debug_frame   0x00000000       0xb4 ./Application/Humidity_Gauge/Humidity_Gauge.o
 .debug_frame   0x000000b4      0x12c ./Devices/BME280/BME280.o
 .debug_frame   0x000001e0      0x338 ./Driver/DMA/DMA.o
 .debug_frame   0x00000518      0x1cc ./Driver/GPIO/GPIO.o
 .debug_frame   0x000006e4      0x3b0 ./Driver/I2C/I2C.o
 .debug_frame   0x00000a94      0x5ec ./Driver/Timer/Timer.o
 .debug_frame   0x00001080      0x29c ./Driver/USART/USART.o
 .debug_frame   0x0000131c      0x140 ./Src/main.o
 .debug_frame   0x0000145c       0x58 ./Src/system_stm32f4xx.o
 .debug_frame   0x000014b4      0x144 C:/ST/STM32CubeIDE_1.17.0/STM32CubeIDE/plugins/com.st.stm32cube.ide.mcu.externaltools.gnu-tools-for-stm32.12.3.rel1.win32_1.1.0.202410251130/tools/bin/../lib/gcc/arm-none-eabi/12.3.1/../../../../arm-none-eabi/lib/thumb/v7e-m+fp/hard\libc_nano.a(libc_a-findfp.o)
 .debug_frame   0x000015f8       0x20 C:/ST/STM32CubeIDE_1.17.0/STM32CubeIDE/plugins/com.st.stm32cube.ide.mcu.externaltools.gnu-tools-for-stm32.12.3.rel1.win32_1.1.0.202410251130/tools/bin/../lib/gcc/arm-none-eabi/12.3.1/../../../../arm-none-eabi/lib/thumb/v7e-m+fp/hard\libc_nano.a(libc_a-errno.o)
 .debug_frame   0x00001618       0x2c C:/ST/STM32CubeIDE_1.17.0/STM32CubeIDE/plugins/com.st.stm32cube.ide.mcu.externaltools.gnu-tools-for-stm32.12.3.rel1.win32_1.1.0.202410251130/tools/bin/../lib/gcc/arm-none-eabi/12.3.1/../../../../arm-none-eabi/lib/thumb/v7e-m+fp/hard\libc_nano.a(libc_a-init.o)
 .debug_frame   0x00001644       0x3c C:/ST/STM32CubeIDE_1.17.0/STM32CubeIDE/plugins/com.st.stm32cube.ide.mcu.externaltools.gnu-tools-for-stm32.12.3.rel1.win32_1.1.0.202410251130/tools/bin/../lib/gcc/arm-none-eabi/12.3.1/../../../../arm-none-eabi/lib/thumb/v7e-m+fp/hard\libm.a(libm_a-wf_exp.o)
 .debug_frame   0x00001680       0x48 C:/ST/STM32CubeIDE_1.17.0/STM32CubeIDE/plugins/com.st.stm32cube.ide.mcu.externaltools.gnu-tools-for-stm32.12.3.rel1.win32_1.1.0.202410251130/tools/bin/../lib/gcc/arm-none-eabi/12.3.1/../../../../arm-none-eabi/lib/thumb/v7e-m+fp/hard\libm.a(libm_a-wf_log.o)
 .debug_frame   0x000016c8       0x48 C:/ST/STM32CubeIDE_1.17.0/STM32CubeIDE/plugins/com.st.stm32cube.ide.mcu.externaltools.gnu-tools-for-stm32.12.3.rel1.win32_1.1.0.202410251130/tools/bin/../lib/gcc/arm-none-eabi/12.3.1/../../../../arm-none-eabi/lib/thumb/v7e-m+fp/hard\libm.a(libm_a-wf_pow.o)
 .debug_frame   0x00001710       0x38 C:/ST/STM32CubeIDE_1.17.0/STM32CubeIDE/plugins/com.st.stm32cube.ide.mcu.externaltools.gnu-tools-for-stm32.12.3.rel1.win32_1.1.0.202410251130/tools/bin/../lib/gcc/arm-none-eabi/12.3.1/../../../../arm-none-eabi/lib/thumb/v7e-m+fp/hard\libm.a(libm_a-wf_sqrt.o)
 .debug_frame   0x00001748       0x2c C:/ST/STM32CubeIDE_1.17.0/STM32CubeIDE/plugins/com.st.stm32cube.ide.mcu.externaltools.gnu-tools-for-stm32.12.3.rel1.win32_1.1.0.202410251130/tools/bin/../lib/gcc/arm-none-eabi/12.3.1/../../../../arm-none-eabi/lib/thumb/v7e-m+fp/hard\libm.a(libm_a-sf_atan.o)
 .debug_frame   0x00001774       0x20 C:/ST/STM32CubeIDE_1.17.0/STM32CubeIDE/plugins/com.st.stm32cube.ide.mcu.externaltools.gnu-tools-for-stm32.12.3.rel1.win32_1.1.0.202410251130/tools/bin/../lib/gcc/arm-none-eabi/12.3.1/../../../../arm-none-eabi/lib/thumb/v7e-m+fp/hard\libm.a(libm_a-sf_fabs.o)
 .debug_frame   0x00001794       0x20 C:/ST/STM32CubeIDE_1.17.0/STM32CubeIDE/plugins/com.st.stm32cube.ide.mcu.externaltools.gnu-tools-for-stm32.12.3.rel1.win32_1.1.0.202410251130/tools/bin/../lib/gcc/arm-none-eabi/12.3.1/../../../../arm-none-eabi/lib/thumb/v7e-m+fp/hard\libm.a(libm_a-sf_finite.o)
 .debug_frame   0x000017b4       0x20 C:/ST/STM32CubeIDE_1.17.0/STM32CubeIDE/plugins/com.st.stm32cube.ide.mcu.externaltools.gnu-tools-for-stm32.12.3.rel1.win32_1.1.0.202410251130/tools/bin/../lib/gcc/arm-none-eabi/12.3.1/../../../../arm-none-eabi/lib/thumb/v7e-m+fp/hard\libm.a(libm_a-sf_nan.o)
 .debug_frame   0x000017d4       0x20 C:/ST/STM32CubeIDE_1.17.0/STM32CubeIDE/plugins/com.st.stm32cube.ide.mcu.externaltools.gnu-tools-for-stm32.12.3.rel1.win32_1.1.0.202410251130/tools/bin/../lib/gcc/arm-none-eabi/12.3.1/../../../../arm-none-eabi/lib/thumb/v7e-m+fp/hard\libm.a(libm_a-ef_sqrt.o)
 .debug_frame   0x000017f4       0x20 C:/ST/STM32CubeIDE_1.17.0/STM32CubeIDE/plugins/com.st.stm32cube.ide.mcu.externaltools.gnu-tools-for-stm32.12.3.rel1.win32_1.1.0.202410251130/tools/bin/../lib/gcc/arm-none-eabi/12.3.1/../../../../arm-none-eabi/lib/thumb/v7e-m+fp/hard\libm.a(libm_a-ef_exp.o)
 .debug_frame   0x00001814       0x20 C:/ST/STM32CubeIDE_1.17.0/STM32CubeIDE/plugins/com.st.stm32cube.ide.mcu.externaltools.gnu-tools-for-stm32.12.3.rel1.win32_1.1.0.202410251130/tools/bin/../lib/gcc/arm-none-eabi/12.3.1/../../../../arm-none-eabi/lib/thumb/v7e-m+fp/hard\libm.a(libm_a-ef_log.o)
 .debug_frame   0x00001834       0x88 C:/ST/STM32CubeIDE_1.17.0/STM32CubeIDE/plugins/com.st.stm32cube.ide.mcu.externaltools.gnu-tools-for-stm32.12.3.rel1.win32_1.1.0.202410251130/tools/bin/../lib/gcc/arm-none-eabi/12.3.1/../../../../arm-none-eabi/lib/thumb/v7e-m+fp/hard\libm.a(libm_a-ef_pow.o)
 .debug_frame   0x000018bc       0x20 C:/ST/STM32CubeIDE_1.17.0/STM32CubeIDE/plugins/com.st.stm32cube.ide.mcu.externaltools.gnu-tools-for-stm32.12.3.rel1.win32_1.1.0.202410251130/tools/bin/../lib/gcc/arm-none-eabi/12.3.1/../../../../arm-none-eabi/lib/thumb/v7e-m+fp/hard\libm.a(libm_a-sf_scalbn.o)
 .debug_frame   0x000018dc       0x88 C:/ST/STM32CubeIDE_1.17.0/STM32CubeIDE/plugins/com.st.stm32cube.ide.mcu.externaltools.gnu-tools-for-stm32.12.3.rel1.win32_1.1.0.202410251130/tools/bin/../lib/gcc/arm-none-eabi/12.3.1/../../../../arm-none-eabi/lib/thumb/v7e-m+fp/hard\libm.a(libm_a-math_errf.o)
 .debug_frame   0x00001964       0x4c C:/ST/STM32CubeIDE_1.17.0/STM32CubeIDE/plugins/com.st.stm32cube.ide.mcu.externaltools.gnu-tools-for-stm32.12.3.rel1.win32_1.1.0.202410251130/tools/bin/../lib/gcc/arm-none-eabi/12.3.1/thumb/v7e-m+fp/hard\libgcc.a(_arm_addsubsf3.o)
 .debug_frame   0x000019b0       0x44 C:/ST/STM32CubeIDE_1.17.0/STM32CubeIDE/plugins/com.st.stm32cube.ide.mcu.externaltools.gnu-tools-for-stm32.12.3.rel1.win32_1.1.0.202410251130/tools/bin/../lib/gcc/arm-none-eabi/12.3.1/thumb/v7e-m+fp/hard\libgcc.a(_aeabi_ldivmod.o)
 .debug_frame   0x000019f4       0x34 C:/ST/STM32CubeIDE_1.17.0/STM32CubeIDE/plugins/com.st.stm32cube.ide.mcu.externaltools.gnu-tools-for-stm32.12.3.rel1.win32_1.1.0.202410251130/tools/bin/../lib/gcc/arm-none-eabi/12.3.1/thumb/v7e-m+fp/hard\libgcc.a(_udivmoddi4.o)

.debug_line_str
                0x00000000       0x56
 .debug_line_str
                0x00000000       0x56 ./Startup/startup_stm32f407vgtx.o
