../Devices/GC9A01/GC9A01.c:10:14:CS_L	0	static
../Devices/GC9A01/GC9A01.c:11:14:CS_H	0	static
../Devices/GC9A01/GC9A01.c:14:14:DC_D	0	static
../Devices/GC9A01/GC9A01.c:42:13:GC9A01_Write_Data	16	static
../Devices/GC9A01/GC9A01.c:54:13:GC9A01_Drite_Data16_Repeat	24	static
../Devices/GC9A01/GC9A01.c:37:20:GC9A01_write_byte	16	static
../Inc/main.h:140:26:Delay_ms.constprop.isra	0	static
../Inc/main.h:151:26:Delay_milli.isra	8	static
../Devices/GC9A01/GC9A01.c:20:13:write_command	16	static
../Devices/GC9A01/GC9A01.c:78:6:GC9A01_Init	40	static
../Devices/GC9A01/GC9A01.c:340:6:GC9A01_SetAddressWindow	32	static
../Devices/GC9A01/GC9A01.c:359:6:GC9A01_PushColor	16	static
../Devices/GC9A01/GC9A01.c:368:6:GC9A01_DrawPixel	32	static
../Devices/GC9A01/GC9A01.c:66:20:GC9A01_DrawPixelSafe	0	static
../Devices/GC9A01/GC9A01.c:375:6:GC9A01_Fill	24	static
../Devices/GC9A01/GC9A01.c:381:6:GC9A01_DrawImage	32	static
../Devices/GC9A01/GC9A01.c:407:6:GC9A01_DrawChar	48	static
../Devices/GC9A01/GC9A01.c:428:6:GC9A01_EraseChar	24	static
../Devices/GC9A01/GC9A01.c:436:7:GC9A01_PrintNumber	64	static
../Devices/GC9A01/GC9A01.c:458:7:GC9A01_Draw_Checks	40	static
../Devices/GC9A01/GC9A01.c:474:7:GC9A01_DrawCircle	56	static
../Devices/GC9A01/GC9A01.c:507:7:GC9A01_DrawCircleStroke	40	static
../Devices/GC9A01/GC9A01.c:519:7:GC9A01_DrawLine	64	static
../Devices/GC9A01/GC9A01.c:566:7:GC9A01_DrawArcStroke	72	static
../Devices/GC9A01/GC9A01.c:593:6:GC9A01_DrawArc	24	static
