Archive member included to satisfy reference by file (symbol)

C:/ST/STM32CubeIDE_1.17.0/STM32CubeIDE/plugins/com.st.stm32cube.ide.mcu.externaltools.gnu-tools-for-stm32.12.3.rel1.win32_1.1.0.202410251130/tools/bin/../lib/gcc/arm-none-eabi/12.3.1/../../../../arm-none-eabi/lib/thumb/v7e-m+fp/hard\libc_nano.a(libc_a-exit.o)
                              C:/ST/STM32CubeIDE_1.17.0/STM32CubeIDE/plugins/com.st.stm32cube.ide.mcu.externaltools.gnu-tools-for-stm32.12.3.rel1.win32_1.1.0.202410251130/tools/bin/../lib/gcc/arm-none-eabi/12.3.1/../../../../arm-none-eabi/lib/thumb/v7e-m+fp/hard/crt0.o (exit)
C:/ST/STM32CubeIDE_1.17.0/STM32CubeIDE/plugins/com.st.stm32cube.ide.mcu.externaltools.gnu-tools-for-stm32.12.3.rel1.win32_1.1.0.202410251130/tools/bin/../lib/gcc/arm-none-eabi/12.3.1/../../../../arm-none-eabi/lib/thumb/v7e-m+fp/hard\libc_nano.a(libc_a-nano-vfprintf.o)
                              ./Driver/Logs/Logs.o (vfprintf)
C:/ST/STM32CubeIDE_1.17.0/STM32CubeIDE/plugins/com.st.stm32cube.ide.mcu.externaltools.gnu-tools-for-stm32.12.3.rel1.win32_1.1.0.202410251130/tools/bin/../lib/gcc/arm-none-eabi/12.3.1/../../../../arm-none-eabi/lib/thumb/v7e-m+fp/hard\libc_nano.a(libc_a-nano-vfprintf_i.o)
                              C:/ST/STM32CubeIDE_1.17.0/STM32CubeIDE/plugins/com.st.stm32cube.ide.mcu.externaltools.gnu-tools-for-stm32.12.3.rel1.win32_1.1.0.202410251130/tools/bin/../lib/gcc/arm-none-eabi/12.3.1/../../../../arm-none-eabi/lib/thumb/v7e-m+fp/hard\libc_nano.a(libc_a-nano-vfprintf.o) (_printf_i)
C:/ST/STM32CubeIDE_1.17.0/STM32CubeIDE/plugins/com.st.stm32cube.ide.mcu.externaltools.gnu-tools-for-stm32.12.3.rel1.win32_1.1.0.202410251130/tools/bin/../lib/gcc/arm-none-eabi/12.3.1/../../../../arm-none-eabi/lib/thumb/v7e-m+fp/hard\libc_nano.a(libc_a-findfp.o)
                              C:/ST/STM32CubeIDE_1.17.0/STM32CubeIDE/plugins/com.st.stm32cube.ide.mcu.externaltools.gnu-tools-for-stm32.12.3.rel1.win32_1.1.0.202410251130/tools/bin/../lib/gcc/arm-none-eabi/12.3.1/../../../../arm-none-eabi/lib/thumb/v7e-m+fp/hard\libc_nano.a(libc_a-exit.o) (__stdio_exit_handler)
C:/ST/STM32CubeIDE_1.17.0/STM32CubeIDE/plugins/com.st.stm32cube.ide.mcu.externaltools.gnu-tools-for-stm32.12.3.rel1.win32_1.1.0.202410251130/tools/bin/../lib/gcc/arm-none-eabi/12.3.1/../../../../arm-none-eabi/lib/thumb/v7e-m+fp/hard\libc_nano.a(libc_a-fvwrite.o)
                              C:/ST/STM32CubeIDE_1.17.0/STM32CubeIDE/plugins/com.st.stm32cube.ide.mcu.externaltools.gnu-tools-for-stm32.12.3.rel1.win32_1.1.0.202410251130/tools/bin/../lib/gcc/arm-none-eabi/12.3.1/../../../../arm-none-eabi/lib/thumb/v7e-m+fp/hard\libc_nano.a(libc_a-nano-vfprintf.o) (__sfvwrite_r)
C:/ST/STM32CubeIDE_1.17.0/STM32CubeIDE/plugins/com.st.stm32cube.ide.mcu.externaltools.gnu-tools-for-stm32.12.3.rel1.win32_1.1.0.202410251130/tools/bin/../lib/gcc/arm-none-eabi/12.3.1/../../../../arm-none-eabi/lib/thumb/v7e-m+fp/hard\libc_nano.a(libc_a-fwalk.o)
                              C:/ST/STM32CubeIDE_1.17.0/STM32CubeIDE/plugins/com.st.stm32cube.ide.mcu.externaltools.gnu-tools-for-stm32.12.3.rel1.win32_1.1.0.202410251130/tools/bin/../lib/gcc/arm-none-eabi/12.3.1/../../../../arm-none-eabi/lib/thumb/v7e-m+fp/hard\libc_nano.a(libc_a-findfp.o) (_fwalk_sglue)
C:/ST/STM32CubeIDE_1.17.0/STM32CubeIDE/plugins/com.st.stm32cube.ide.mcu.externaltools.gnu-tools-for-stm32.12.3.rel1.win32_1.1.0.202410251130/tools/bin/../lib/gcc/arm-none-eabi/12.3.1/../../../../arm-none-eabi/lib/thumb/v7e-m+fp/hard\libc_nano.a(libc_a-printf.o)
                              ./Driver/Logs/Logs.o (printf)
C:/ST/STM32CubeIDE_1.17.0/STM32CubeIDE/plugins/com.st.stm32cube.ide.mcu.externaltools.gnu-tools-for-stm32.12.3.rel1.win32_1.1.0.202410251130/tools/bin/../lib/gcc/arm-none-eabi/12.3.1/../../../../arm-none-eabi/lib/thumb/v7e-m+fp/hard\libc_nano.a(libc_a-putchar.o)
                              ./Driver/Logs/Logs.o (putchar)
C:/ST/STM32CubeIDE_1.17.0/STM32CubeIDE/plugins/com.st.stm32cube.ide.mcu.externaltools.gnu-tools-for-stm32.12.3.rel1.win32_1.1.0.202410251130/tools/bin/../lib/gcc/arm-none-eabi/12.3.1/../../../../arm-none-eabi/lib/thumb/v7e-m+fp/hard\libc_nano.a(libc_a-puts.o)
                              ./Driver/Logs/Logs.o (puts)
C:/ST/STM32CubeIDE_1.17.0/STM32CubeIDE/plugins/com.st.stm32cube.ide.mcu.externaltools.gnu-tools-for-stm32.12.3.rel1.win32_1.1.0.202410251130/tools/bin/../lib/gcc/arm-none-eabi/12.3.1/../../../../arm-none-eabi/lib/thumb/v7e-m+fp/hard\libc_nano.a(libc_a-stdio.o)
                              C:/ST/STM32CubeIDE_1.17.0/STM32CubeIDE/plugins/com.st.stm32cube.ide.mcu.externaltools.gnu-tools-for-stm32.12.3.rel1.win32_1.1.0.202410251130/tools/bin/../lib/gcc/arm-none-eabi/12.3.1/../../../../arm-none-eabi/lib/thumb/v7e-m+fp/hard\libc_nano.a(libc_a-findfp.o) (__sread)
[...]
Memory Configuration

Name             Origin             Length             Attributes
CCMRAM           0x10000000         0x00010000         xrw
RAM              0x20000000         0x00020000         xrw
FLASH            0x08000000         0x00100000         xr
*default*        0x00000000         0xffffffff

Linker script and memory map

LOAD C:/ST/STM32CubeIDE_1.17.0/STM32CubeIDE/plugins/com.st.stm32cube.ide.mcu.externaltools.gnu-tools-for-stm32.12.3.rel1.win32_1.1.0.202410251130/tools/bin/../lib/gcc/arm-none-eabi/12.3.1/thumb/v7e-m+fp/hard/crti.o
LOAD C:/ST/STM32CubeIDE_1.17.0/STM32CubeIDE/plugins/com.st.stm32cube.ide.mcu.externaltools.gnu-tools-for-stm32.12.3.rel1.win32_1.1.0.202410251130/tools/bin/../lib/gcc/arm-none-eabi/12.3.1/thumb/v7e-m+fp/hard/crtbegin.o
LOAD C:/ST/STM32CubeIDE_1.17.0/STM32CubeIDE/plugins/com.st.stm32cube.ide.mcu.externaltools.gnu-tools-for-stm32.12.3.rel1.win32_1.1.0.202410251130/tools/bin/../lib/gcc/arm-none-eabi/12.3.1/../../../../arm-none-eabi/lib/thumb/v7e-m+fp/hard/crt0.o
LOAD ./Application/Application.o
LOAD ./Application/Humidity_Gauge/Humidity_Gauge.o
LOAD ./Devices/BME280/BME280.o
LOAD ./Devices/GC9A01/GC9A01.o
LOAD ./Devices/W25Qxx_Flash/W25Qxx_Flash.o
LOAD ./Driver/CAN/CAN.o
LOAD ./Driver/Console/Console.o
LOAD ./Driver/DMA/DMA.o
LOAD ./Driver/GPIO/GPIO.o
LOAD ./Driver/I2C/I2C.o
LOAD ./Driver/Logs/Logs.o
LOAD ./Driver/SPI/SPI.o
LOAD ./Driver/Timer/Timer.o
LOAD ./Driver/USART/USART.o
LOAD ./Middleware/Filesystem/Filesystem.o
LOAD ./Src/main.o
LOAD ./Src/syscalls.o
LOAD ./Src/sysmem.o
LOAD ./Src/system_stm32f4xx.o
LOAD ./Startup/startup_stm32f407vgtx.o
START GROUP
LOAD C:/ST/STM32CubeIDE_1.17.0/STM32CubeIDE/plugins/com.st.stm32cube.ide.mcu.externaltools.gnu-tools-for-stm32.12.3.rel1.win32_1.1.0.202410251130/tools/bin/../lib/gcc/arm-none-eabi/12.3.1/../../../../arm-none-eabi/lib/thumb/v7e-m+fp/hard\libc_nano.a
LOAD C:/ST/STM32CubeIDE_1.17.0/STM32CubeIDE/plugins/com.st.stm32cube.ide.mcu.externaltools.gnu-tools-for-stm32.12.3.rel1.win32_1.1.0.202410251130/tools/bin/../lib/gcc/arm-none-eabi/12.3.1/../../../../arm-none-eabi/lib/thumb/v7e-m+fp/hard\libm.a
END GROUP
START GROUP
LOAD C:/ST/STM32CubeIDE_1.17.0/STM32CubeIDE/plugins/com.st.stm32cube.ide.mcu.externaltools.gnu-tools-for-stm32.12.3.rel1.win32_1.1.0.202410251130/tools/bin/../lib/gcc/arm-none-eabi/12.3.1/thumb/v7e-m+fp/hard\libgcc.a
LOAD C:/ST/STM32CubeIDE_1.17.0/STM32CubeIDE/plugins/com.st.stm32cube.ide.mcu.externaltools.gnu-tools-for-stm32.12.3.rel1.win32_1.1.0.202410251130/tools/bin/../lib/gcc/arm-none-eabi/12.3.1/../../../../arm-none-eabi/lib/thumb/v7e-m+fp/hard\libc_nano.a
END GROUP
START GROUP
LOAD C:/ST/STM32CubeIDE_1.17.0/STM32CubeIDE/plugins/com.st.stm32cube.ide.mcu.externaltools.gnu-tools-for-stm32.12.3.rel1.win32_1.1.0.202410251130/tools/bin/../lib/gcc/arm-none-eabi/12.3.1/thumb/v7e-m+fp/hard\libgcc.a
LOAD C:/ST/STM32CubeIDE_1.17.0/STM32CubeIDE/plugins/com.st.stm32cube.ide.mcu.externaltools.gnu-tools-for-stm32.12.3.rel1.win32_1.1.0.202410251130/tools/bin/../lib/gcc/arm-none-eabi/12.3.1/../../../../arm-none-eabi/lib/thumb/v7e-m+fp/hard\libc_nano.a
LOAD C:/ST/STM32CubeIDE_1.17.0/STM32CubeIDE/plugins/com.st.stm32cube.ide.mcu.externaltools.gnu-tools-for-stm32.12.3.rel1.win32_1.1.0.202410251130/tools/bin/../lib/gcc/arm-none-eabi/12.3.1/../../../../arm-none-eabi/lib/thumb/v7e-m+fp/hard\libnosys.a
END GROUP
START GROUP
LOAD C:/ST/STM32CubeIDE_1.17.0/STM32CubeIDE/plugins/com.st.stm32cube.ide.mcu.externaltools.gnu-tools-for-stm32.12.3.rel1.win32_1.1.0.202410251130/tools/bin/../lib/gcc/arm-none-eabi/12.3.1/thumb/v7e-m+fp/hard\libgcc.a
LOAD C:/ST/STM32CubeIDE_1.17.0/STM32CubeIDE/plugins/com.st.stm32cube.ide.mcu.externaltools.gnu-tools-for-stm32.12.3.rel1.win32_1.1.0.202410251130/tools/bin/../lib/gcc/arm-none-eabi/12.3.1/../../../../arm-none-eabi/lib/thumb/v7e-m+fp/hard\libc_nano.a
LOAD C:/ST/STM32CubeIDE_1.17.0/STM32CubeIDE/plugins/com.st.stm32cube.ide.mcu.externaltools.gnu-tools-for-stm32.12.3.rel1.win32_1.1.0.202410251130/tools/bin/../lib/gcc/arm-none-eabi/12.3.1/../../../../arm-none-eabi/lib/thumb/v7e-m+fp/hard\libnosys.a
END GROUP
LOAD C:/ST/STM32CubeIDE_1.17.0/STM32CubeIDE/plugins/com.st.stm32cube.ide.mcu.externaltools.gnu-tools-for-stm32.12.3.rel1.win32_1.1.0.202410251130/tools/bin/../lib/gcc/arm-none-eabi/12.3.1/thumb/v7e-m+fp/hard/crtend.o
LOAD C:/ST/STM32CubeIDE_1.17.0/STM32CubeIDE/plugins/com.st.stm32cube.ide.mcu.externaltools.gnu-tools-for-stm32.12.3.rel1.win32_1.1.0.202410251130/tools/bin/../lib/gcc/arm-none-eabi/12.3.1/thumb/v7e-m+fp/hard/crtn.o
                0x20020000                        _estack = (ORIGIN (RAM) + LENGTH (RAM))
                0x00000200                        _Min_Heap_Size = 0x200
                0x00000400                        _Min_Stack_Size = 0x400

.isr_vector     0x08000000      0x188
                0x08000000                        . = ALIGN (0x4)
 *(.isr_vector)
 .isr_vector    0x08000000      0x188 ./Startup/startup_stm32f407vgtx.o
                0x08000000                g_pfnVectors
                0x08000188                        . = ALIGN (0x4)

.text           0x08000188     0x2eb8
                0x08000188                        . = ALIGN (0x4)
 *(.text)
 .text          0x08000188       0x40 C:/ST/STM32CubeIDE_1.17.0/STM32CubeIDE/plugins/com.st.stm32cube.ide.mcu.externaltools.gnu-tools-for-stm32.12.3.rel1.win32_1.1.0.202410251130/tools/bin/../lib/gcc/arm-none-eabi/12.3.1/thumb/v7e-m+fp/hard/crtbegin.o
 *(.text*)
 .text.DC_D     0x080001c8       0x10 ./Devices/GC9A01/GC9A01.o
 .text.write_command
                0x080001d8       0x2e ./Devices/GC9A01/GC9A01.o
 .text.GC9A01_Write_Data
                0x08000206       0x2c ./Devices/GC9A01/GC9A01.o
 .text.GC9A01_Drite_Data16_Repeat
                0x08000232       0x36 ./Devices/GC9A01/GC9A01.o
 .text.GC9A01_write_byte
                0x08000268       0x22 ./Devices/GC9A01/GC9A01.o
 *fill*         0x0800028a        0x2 
 .text.Delay_milli.isra.0
                0x0800028c       0x34 ./Devices/GC9A01/GC9A01.o
 .text.GC9A01_Init
                0x080002c0      0x668 ./Devices/GC9A01/GC9A01.o
                0x080002c0                GC9A01_Init
 .text.GC9A01_SetAddressWindow
                0x08000928       0x5e ./Devices/GC9A01/GC9A01.o
                0x08000928                GC9A01_SetAddressWindow
 .text.GC9A01_PushColor
                0x08000986       0x16 ./Devices/GC9A01/GC9A01.o
                0x08000986                GC9A01_PushColor
 .text.GC9A01_DrawPixel
                0x0800099c       0x28 ./Devices/GC9A01/GC9A01.o
                0x0800099c                GC9A01_DrawPixel
 .text.GC9A01_Fill
                0x080009c4       0x24 ./Devices/GC9A01/GC9A01.o
                0x080009c4                GC9A01_Fill
 .text.GC9A01_DrawChar
                0x080009e8       0x8c ./Devices/GC9A01/GC9A01.o
                0x080009e8                GC9A01_DrawChar
 .text.GC9A01_EraseChar
                0x08000a74       0x24 ./Devices/GC9A01/GC9A01.o
                0x08000a74                GC9A01_EraseChar
 .text.GC9A01_PrintNumber
                0x08000a98       0x90 ./Devices/GC9A01/GC9A01.o
                0x08000a98                GC9A01_PrintNumber
 .text.__NVIC_EnableIRQ.part.0
                0x08000b28       0x18 ./Driver/DMA/DMA.o
 .text.DMA1_Stream0_IRQHandler
                0x08000b40       0xec ./Driver/DMA/DMA.o
                0x08000b40                DMA1_Stream0_IRQHandler
 .text.DMA1_Stream1_IRQHandler
                0x08000c2c       0xd0 ./Driver/DMA/DMA.o
                0x08000c2c                DMA1_Stream1_IRQHandler
 .text.DMA1_Stream2_IRQHandler
                0x08000cfc       0xd0 ./Driver/DMA/DMA.o
                0x08000cfc                DMA1_Stream2_IRQHandler
 .text.DMA1_Stream3_IRQHandler
                0x08000dcc       0xd0 ./Driver/DMA/DMA.o
                0x08000dcc                DMA1_Stream3_IRQHandler
 .text.DMA1_Stream4_IRQHandler
                0x08000e9c       0xd0 ./Driver/DMA/DMA.o
                0x08000e9c                DMA1_Stream4_IRQHandler
 .text.DMA1_Stream5_IRQHandler
                0x08000f6c       0xd0 ./Driver/DMA/DMA.o
                0x08000f6c                DMA1_Stream5_IRQHandler
 .text.DMA1_Stream6_IRQHandler
                0x0800103c       0xd0 ./Driver/DMA/DMA.o
                0x0800103c                DMA1_Stream6_IRQHandler
 .text.DMA1_Stream7_IRQHandler
                0x0800110c       0xd0 ./Driver/DMA/DMA.o
                0x0800110c                DMA1_Stream7_IRQHandler
 .text.DMA2_Stream0_IRQHandler
                0x080011dc       0xec ./Driver/DMA/DMA.o
                0x080011dc                DMA2_Stream0_IRQHandler
 .text.DMA2_Stream1_IRQHandler
                0x080012c8       0xd0 ./Driver/DMA/DMA.o
                0x080012c8                DMA2_Stream1_IRQHandler
 .text.DMA2_Stream2_IRQHandler
                0x08001398       0xd0 ./Driver/DMA/DMA.o
                0x08001398                DMA2_Stream2_IRQHandler
 .text.DMA2_Stream3_IRQHandler
                0x08001468       0xec ./Driver/DMA/DMA.o
                0x08001468                DMA2_Stream3_IRQHandler
 .text.DMA2_Stream4_IRQHandler
                0x08001554       0xd0 ./Driver/DMA/DMA.o
                0x08001554                DMA2_Stream4_IRQHandler
 .text.DMA2_Stream5_IRQHandler
                0x08001624       0xd0 ./Driver/DMA/DMA.o
                0x08001624                DMA2_Stream5_IRQHandler
 .text.DMA2_Stream6_IRQHandler
                0x080016f4       0xd0 ./Driver/DMA/DMA.o
                0x080016f4                DMA2_Stream6_IRQHandler
 .text.DMA2_Stream7_IRQHandler
                0x080017c4       0xd0 ./Driver/DMA/DMA.o
                0x080017c4                DMA2_Stream7_IRQHandler
 .text.DMA_Clock_Enable
                0x08001894       0x30 ./Driver/DMA/DMA.o
                0x08001894                DMA_Clock_Enable
 .text.DMA_Init
                0x080018c4      0x248 ./Driver/DMA/DMA.o
                0x080018c4                DMA_Init
 .text.EXTI0_IRQHandler
                0x08001b0c       0x20 ./Driver/GPIO/GPIO.o
                0x08001b0c                EXTI0_IRQHandler
 .text.EXTI1_IRQHandler
                0x08001b2c       0x20 ./Driver/GPIO/GPIO.o
                0x08001b2c                EXTI1_IRQHandler
 .text.EXTI2_IRQHandler
                0x08001b4c       0x20 ./Driver/GPIO/GPIO.o
                0x08001b4c                EXTI2_IRQHandler
 .text.EXTI3_IRQHandler
                0x08001b6c       0x20 ./Driver/GPIO/GPIO.o
                0x08001b6c                EXTI3_IRQHandler
 .text.EXTI4_IRQHandler
                0x08001b8c       0x20 ./Driver/GPIO/GPIO.o
                0x08001b8c                EXTI4_IRQHandler
 .text.EXTI9_5_IRQHandler
                0x08001bac       0x38 ./Driver/GPIO/GPIO.o
                0x08001bac                EXTI9_5_IRQHandler
 .text.EXTI15_10_IRQHandler
                0x08001be4       0x38 ./Driver/GPIO/GPIO.o
                0x08001be4                EXTI15_10_IRQHandler
 .text.GPIO_Clock_Enable
                0x08001c1c       0x94 ./Driver/GPIO/GPIO.o
                0x08001c1c                GPIO_Clock_Enable
 .text.GPIO_Pin_Init
                0x08001cb0       0xd0 ./Driver/GPIO/GPIO.o
                0x08001cb0                GPIO_Pin_Init
 .text.SPI1_TX_ISR
                0x08001d80        0xc ./Driver/SPI/SPI.o
                0x08001d80                SPI1_TX_ISR
 .text.SPI1_RX_ISR
                0x08001d8c        0xc ./Driver/SPI/SPI.o
                0x08001d8c                SPI1_RX_ISR
 .text.SPI_Clock_Enable
                0x08001d98       0x54 ./Driver/SPI/SPI.o
                0x08001d98                SPI_Clock_Enable
 .text.SPI_Enable
                0x08001dec        0xc ./Driver/SPI/SPI.o
                0x08001dec                SPI_Enable
 .text.SPI_TRX_Byte
                0x08001df8       0x36 ./Driver/SPI/SPI.o
                0x08001df8                SPI_TRX_Byte
 .text.SPI_NSS_High
                0x08001e2e       0x10 ./Driver/SPI/SPI.o
                0x08001e2e                SPI_NSS_High
 *fill*         0x08001e3e        0x2 
 .text.SPI_Init
                0x08001e40      0x7b4 ./Driver/SPI/SPI.o
                0x08001e40                SPI_Init
 .text.SPI_NSS_Low
                0x080025f4       0x12 ./Driver/SPI/SPI.o
                0x080025f4                SPI_NSS_Low
 *fill*         0x08002606        0x2 
 .text.TIM1_BRK_TIM9_IRQHandler
                0x08002608       0x7c ./Driver/Timer/Timer.o
                0x08002608                TIM1_BRK_TIM9_IRQHandler
 .text.TIM1_UP_TIM10_IRQHandler
                0x08002684       0x54 ./Driver/Timer/Timer.o
                0x08002684                TIM1_UP_TIM10_IRQHandler
 .text.TIM1_TRG_COM_TIM11_IRQHandler
                0x080026d8       0x68 ./Driver/Timer/Timer.o
                0x080026d8                TIM1_TRG_COM_TIM11_IRQHandler
 .text.TIM1_CC_IRQHandler
                0x08002740       0x60 ./Driver/Timer/Timer.o
                0x08002740                TIM1_CC_IRQHandler
 .text.TIM2_IRQHandler
                0x080027a0       0x90 ./Driver/Timer/Timer.o
                0x080027a0                TIM2_IRQHandler
 .text.TIM3_IRQHandler
                0x08002830       0x88 ./Driver/Timer/Timer.o
                0x08002830                TIM3_IRQHandler
 .text.TIM4_IRQHandler
                0x080028b8       0x88 ./Driver/Timer/Timer.o
                0x080028b8                TIM4_IRQHandler
 .text.TIM5_IRQHandler
                0x08002940       0x88 ./Driver/Timer/Timer.o
                0x08002940                TIM5_IRQHandler
 .text.TIM6_DAC_IRQHandler
                0x080029c8       0x24 ./Driver/Timer/Timer.o
                0x080029c8                TIM6_DAC_IRQHandler
 .text.TIM7_IRQHandler
                0x080029ec       0x24 ./Driver/Timer/Timer.o
                0x080029ec                TIM7_IRQHandler
 .text.TIM8_BRK_TIM12_IRQHandler
                0x08002a10       0x7c ./Driver/Timer/Timer.o
                0x08002a10                TIM8_BRK_TIM12_IRQHandler
 .text.TIM8_UP_TIM13_IRQHandler
                0x08002a8c       0x54 ./Driver/Timer/Timer.o
                0x08002a8c                TIM8_UP_TIM13_IRQHandler
 .text.TIM8_TRG_COM_TIM14_IRQHandler
                0x08002ae0       0x68 ./Driver/Timer/Timer.o
                0x08002ae0                TIM8_TRG_COM_TIM14_IRQHandler
 .text.TIM8_CC_IRQHandler
                0x08002b48       0x60 ./Driver/Timer/Timer.o
                0x08002b48                TIM8_CC_IRQHandler
 .text.UART4_IRQHandler
                0x08002ba8       0xdc ./Driver/USART/USART.o
                0x08002ba8                UART4_IRQHandler
 .text.USART1_IRQHandler
                0x08002c84       0xd0 ./Driver/USART/USART.o
                0x08002c84                USART1_IRQHandler
 .text.CountDemo
                0x08002d54       0x48 ./Src/main.o
                0x08002d54                CountDemo
 .text.startup.main
                0x08002d9c      0x170 ./Src/main.o
                0x08002d9c                main
 .text.SystemInit
                0x08002f0c       0x14 ./Src/system_stm32f4xx.o
                0x08002f0c                SystemInit
 .text.SystemCoreClockUpdate
                0x08002f20       0x6c ./Src/system_stm32f4xx.o
                0x08002f20                SystemCoreClockUpdate
 .text.Reset_Handler
                0x08002f8c       0x50 ./Startup/startup_stm32f407vgtx.o
                0x08002f8c                Reset_Handler
 .text.Default_Handler
                0x08002fdc        0x2 ./Startup/startup_stm32f407vgtx.o
                0x08002fdc                RTC_Alarm_IRQHandler
                0x08002fdc                HASH_RNG_IRQHandler
                0x08002fdc                DebugMon_Handler
                0x08002fdc                HardFault_Handler
                0x08002fdc                SysTick_Handler
                0x08002fdc                PVD_IRQHandler
                0x08002fdc                SDIO_IRQHandler
                0x08002fdc                TAMP_STAMP_IRQHandler
                0x08002fdc                PendSV_Handler
                0x08002fdc                NMI_Handler
                0x08002fdc                CAN2_RX1_IRQHandler
                0x08002fdc                I2C3_ER_IRQHandler
                0x08002fdc                I2C2_EV_IRQHandler
                0x08002fdc                CAN1_RX0_IRQHandler
                0x08002fdc                FPU_IRQHandler
                0x08002fdc                OTG_HS_WKUP_IRQHandler
                0x08002fdc                UsageFault_Handler
                0x08002fdc                CAN2_SCE_IRQHandler
                0x08002fdc                SPI1_IRQHandler
                0x08002fdc                DCMI_IRQHandler
                0x08002fdc                CAN2_RX0_IRQHandler
                0x08002fdc                USART6_IRQHandler
                0x08002fdc                USART3_IRQHandler
                0x08002fdc                CRYP_IRQHandler
                0x08002fdc                CAN1_RX1_IRQHandler
                0x08002fdc                UART5_IRQHandler
                0x08002fdc                I2C1_EV_IRQHandler
                0x08002fdc                RCC_IRQHandler
                0x08002fdc                Default_Handler
                0x08002fdc                ADC_IRQHandler
                0x08002fdc                CAN2_TX_IRQHandler
                0x08002fdc                I2C3_EV_IRQHandler
                0x08002fdc                RTC_WKUP_IRQHandler
                0x08002fdc                ETH_WKUP_IRQHandler
                0x08002fdc                SPI2_IRQHandler
                0x08002fdc                OTG_HS_EP1_IN_IRQHandler
                0x08002fdc                MemManage_Handler
                0x08002fdc                CAN1_TX_IRQHandler
                0x08002fdc                SVC_Handler
                0x08002fdc                FSMC_IRQHandler
                0x08002fdc                ETH_IRQHandler
                0x08002fdc                OTG_HS_EP1_OUT_IRQHandler
                0x08002fdc                WWDG_IRQHandler
                0x08002fdc                OTG_FS_WKUP_IRQHandler
                0x08002fdc                OTG_HS_IRQHandler
                0x08002fdc                USART2_IRQHandler
                0x08002fdc                I2C2_ER_IRQHandler
                0x08002fdc                CAN1_SCE_IRQHandler
                0x08002fdc                BusFault_Handler
                0x08002fdc                OTG_FS_IRQHandler
                0x08002fdc                SPI3_IRQHandler
                0x08002fdc                I2C1_ER_IRQHandler
 *fill*         0x08002fde        0x2 
 .text.__libc_init_array
                0x08002fe0       0x48 C:/ST/STM32CubeIDE_1.17.0/STM32CubeIDE/plugins/com.st.stm32cube.ide.mcu.externaltools.gnu-tools-for-stm32.12.3.rel1.win32_1.1.0.202410251130/tools/bin/../lib/gcc/arm-none-eabi/12.3.1/../../../../arm-none-eabi/lib/thumb/v7e-m+fp/hard\libc_nano.a(libc_a-init.o)
                0x08002fe0                __libc_init_array
 *(.glue_7)
 .glue_7        0x08003028        0x0 linker stubs
 *(.glue_7t)
 .glue_7t       0x08003028        0x0 linker stubs
 *(.eh_frame)
 .eh_frame      0x08003028        0x0 C:/ST/STM32CubeIDE_1.17.0/STM32CubeIDE/plugins/com.st.stm32cube.ide.mcu.externaltools.gnu-tools-for-stm32.12.3.rel1.win32_1.1.0.202410251130/tools/bin/../lib/gcc/arm-none-eabi/12.3.1/thumb/v7e-m+fp/hard/crtbegin.o
 *(.init)
 .init          0x08003028        0x4 C:/ST/STM32CubeIDE_1.17.0/STM32CubeIDE/plugins/com.st.stm32cube.ide.mcu.externaltools.gnu-tools-for-stm32.12.3.rel1.win32_1.1.0.202410251130/tools/bin/../lib/gcc/arm-none-eabi/12.3.1/thumb/v7e-m+fp/hard/crti.o
                0x08003028                _init
 .init          0x0800302c        0x8 C:/ST/STM32CubeIDE_1.17.0/STM32CubeIDE/plugins/com.st.stm32cube.ide.mcu.externaltools.gnu-tools-for-stm32.12.3.rel1.win32_1.1.0.202410251130/tools/bin/../lib/gcc/arm-none-eabi/12.3.1/thumb/v7e-m+fp/hard/crtn.o
 *(.fini)
 .fini          0x08003034        0x4 C:/ST/STM32CubeIDE_1.17.0/STM32CubeIDE/plugins/com.st.stm32cube.ide.mcu.externaltools.gnu-tools-for-stm32.12.3.rel1.win32_1.1.0.202410251130/tools/bin/../lib/gcc/arm-none-eabi/12.3.1/thumb/v7e-m+fp/hard/crti.o
                0x08003034                _fini
 .fini          0x08003038        0x8 C:/ST/STM32CubeIDE_1.17.0/STM32CubeIDE/plugins/com.st.stm32cube.ide.mcu.externaltools.gnu-tools-for-stm32.12.3.rel1.win32_1.1.0.202410251130/tools/bin/../lib/gcc/arm-none-eabi/12.3.1/thumb/v7e-m+fp/hard/crtn.o
                0x08003040                        . = ALIGN (0x4)
                0x08003040                        _etext = .

.vfp11_veneer   0x08003040        0x0
 .vfp11_veneer  0x08003040        0x0 linker stubs

.v4_bx          0x08003040        0x0
 .v4_bx         0x08003040        0x0 linker stubs

.iplt           0x08003040        0x0
 .iplt          0x08003040        0x0 C:/ST/STM32CubeIDE_1.17.0/STM32CubeIDE/plugins/com.st.stm32cube.ide.mcu.externaltools.gnu-tools-for-stm32.12.3.rel1.win32_1.1.0.202410251130/tools/bin/../lib/gcc/arm-none-eabi/12.3.1/thumb/v7e-m+fp/hard/crtbegin.o

.rodata         0x08003040      0x5f0
                0x08003040                        . = ALIGN (0x4)
 *(.rodata)
 *(.rodata*)
 .rodata.gc9a01_font5x7
                0x08003040      0x1db ./Devices/GC9A01/GC9A01.o
 *fill*         0x0800321b        0x1 
 .rodata.DMA_Configuration
                0x0800321c      0x404 ./Driver/SPI/SPI.o
 .rodata.AHBPrescTable
                0x08003620       0x10 ./Src/system_stm32f4xx.o
                0x08003620                AHBPrescTable
                0x08003630                        . = ALIGN (0x4)

.ARM.extab      0x08003630        0x0
                0x08003630                        . = ALIGN (0x4)
 *(.ARM.extab* .gnu.linkonce.armextab.*)
                0x08003630                        . = ALIGN (0x4)

.ARM            0x08003630        0x0
                0x08003630                        . = ALIGN (0x4)
                0x08003630                        __exidx_start = .
 *(.ARM.exidx*)
                0x08003630                        __exidx_end = .
                0x08003630                        . = ALIGN (0x4)

.preinit_array  0x08003630        0x0
                0x08003630                        . = ALIGN (0x4)
                0x08003630                        PROVIDE (__preinit_array_start = .)
 *(.preinit_array*)
                0x08003630                        PROVIDE (__preinit_array_end = .)
                0x08003630                        . = ALIGN (0x4)

.init_array     0x08003630        0x4
                0x08003630                        . = ALIGN (0x4)
                0x08003630                        PROVIDE (__init_array_start = .)
 *(SORT_BY_NAME(.init_array.*))
 *(.init_array*)
 .init_array    0x08003630        0x4 C:/ST/STM32CubeIDE_1.17.0/STM32CubeIDE/plugins/com.st.stm32cube.ide.mcu.externaltools.gnu-tools-for-stm32.12.3.rel1.win32_1.1.0.202410251130/tools/bin/../lib/gcc/arm-none-eabi/12.3.1/thumb/v7e-m+fp/hard/crtbegin.o
                0x08003634                        PROVIDE (__init_array_end = .)
                0x08003634                        . = ALIGN (0x4)

.fini_array     0x08003634        0x4
                0x08003634                        . = ALIGN (0x4)
                [!provide]                        PROVIDE (__fini_array_start = .)
 *(SORT_BY_NAME(.fini_array.*))
 *(.fini_array*)
 .fini_array    0x08003634        0x4 C:/ST/STM32CubeIDE_1.17.0/STM32CubeIDE/plugins/com.st.stm32cube.ide.mcu.externaltools.gnu-tools-for-stm32.12.3.rel1.win32_1.1.0.202410251130/tools/bin/../lib/gcc/arm-none-eabi/12.3.1/thumb/v7e-m+fp/hard/crtbegin.o
                [!provide]                        PROVIDE (__fini_array_end = .)
                0x08003638                        . = ALIGN (0x4)
                0x08003638                        _sidata = LOADADDR (.data)

.rel.dyn        0x08003638        0x0
 .rel.iplt      0x08003638        0x0 C:/ST/STM32CubeIDE_1.17.0/STM32CubeIDE/plugins/com.st.stm32cube.ide.mcu.externaltools.gnu-tools-for-stm32.12.3.rel1.win32_1.1.0.202410251130/tools/bin/../lib/gcc/arm-none-eabi/12.3.1/thumb/v7e-m+fp/hard/crtbegin.o

.data           0x20000000        0x4 load address 0x08003638
                0x20000000                        . = ALIGN (0x4)
                0x20000000                        _sdata = .
 *(.data)
 *(.data*)
 .data.SystemCoreClock
                0x20000000        0x4 ./Src/system_stm32f4xx.o
                0x20000000                SystemCoreClock
 *(.RamFunc)
 *(.RamFunc*)
                0x20000004                        . = ALIGN (0x4)
                0x20000004                        _edata = .
                0x0800363c                        _siccmram = LOADADDR (.ccmram)

.igot.plt       0x20000004        0x0 load address 0x0800363c
 .igot.plt      0x20000004        0x0 C:/ST/STM32CubeIDE_1.17.0/STM32CubeIDE/plugins/com.st.stm32cube.ide.mcu.externaltools.gnu-tools-for-stm32.12.3.rel1.win32_1.1.0.202410251130/tools/bin/../lib/gcc/arm-none-eabi/12.3.1/thumb/v7e-m+fp/hard/crtbegin.o

.ccmram         0x10000000        0x0 load address 0x0800363c
                0x10000000                        . = ALIGN (0x4)
                0x10000000                        _sccmram = .
 *(.ccmram)
 *(.ccmram*)
                0x10000000                        . = ALIGN (0x4)
                0x10000000                        _eccmram = .
                0x10000000                        . = ALIGN (0x4)

.bss            0x20000004      0x340
                0x20000004                        _sbss = .
                0x20000004                        __bss_start__ = _sbss
 *(.bss)
 .bss           0x20000004       0x1c C:/ST/STM32CubeIDE_1.17.0/STM32CubeIDE/plugins/com.st.stm32cube.ide.mcu.externaltools.gnu-tools-for-stm32.12.3.rel1.win32_1.1.0.202410251130/tools/bin/../lib/gcc/arm-none-eabi/12.3.1/thumb/v7e-m+fp/hard/crtbegin.o
 *(.bss*)
 .bss.DMA_HISR  0x20000020        0x4 ./Driver/DMA/DMA.o
                0x20000020                DMA_HISR
 .bss.DMA_LISR  0x20000024        0x4 ./Driver/DMA/DMA.o
                0x20000024                DMA_LISR
 .bss.__DMA2_Stream7_Config__
                0x20000028        0x4 ./Driver/DMA/DMA.o
                0x20000028                __DMA2_Stream7_Config__
 .bss.__DMA2_Stream6_Config__
                0x2000002c        0x4 ./Driver/DMA/DMA.o
                0x2000002c                __DMA2_Stream6_Config__
 .bss.__DMA2_Stream5_Config__
                0x20000030        0x4 ./Driver/DMA/DMA.o
                0x20000030                __DMA2_Stream5_Config__
 .bss.__DMA2_Stream4_Config__
                0x20000034        0x4 ./Driver/DMA/DMA.o
                0x20000034                __DMA2_Stream4_Config__
 .bss.__DMA2_Stream3_Config__
                0x20000038        0x4 ./Driver/DMA/DMA.o
                0x20000038                __DMA2_Stream3_Config__
 .bss.__DMA2_Stream2_Config__
                0x2000003c        0x4 ./Driver/DMA/DMA.o
                0x2000003c                __DMA2_Stream2_Config__
 .bss.__DMA2_Stream1_Config__
                0x20000040        0x4 ./Driver/DMA/DMA.o
                0x20000040                __DMA2_Stream1_Config__
 .bss.__DMA2_Stream0_Config__
                0x20000044        0x4 ./Driver/DMA/DMA.o
                0x20000044                __DMA2_Stream0_Config__
 .bss.__DMA1_Stream7_Config__
                0x20000048        0x4 ./Driver/DMA/DMA.o
                0x20000048                __DMA1_Stream7_Config__
 .bss.__DMA1_Stream6_Config__
                0x2000004c        0x4 ./Driver/DMA/DMA.o
                0x2000004c                __DMA1_Stream6_Config__
 .bss.__DMA1_Stream5_Config__
                0x20000050        0x4 ./Driver/DMA/DMA.o
                0x20000050                __DMA1_Stream5_Config__
 .bss.__DMA1_Stream4_Config__
                0x20000054        0x4 ./Driver/DMA/DMA.o
                0x20000054                __DMA1_Stream4_Config__
 .bss.__DMA1_Stream3_Config__
                0x20000058        0x4 ./Driver/DMA/DMA.o
                0x20000058                __DMA1_Stream3_Config__
 .bss.__DMA1_Stream2_Config__
                0x2000005c        0x4 ./Driver/DMA/DMA.o
                0x2000005c                __DMA1_Stream2_Config__
 .bss.__DMA1_Stream1_Config__
                0x20000060        0x4 ./Driver/DMA/DMA.o
                0x20000060                __DMA1_Stream1_Config__
 .bss.__DMA1_Stream0_Config__
                0x20000064        0x4 ./Driver/DMA/DMA.o
                0x20000064                __DMA1_Stream0_Config__
 .bss.EXTI_ISR  0x20000068       0x40 ./Driver/GPIO/GPIO.o
                0x20000068                EXTI_ISR
 .bss.xDMA3_RX  0x200000a8       0x58 ./Driver/SPI/SPI.o
                0x200000a8                xDMA3_RX
 .bss.xDMA3_TX  0x20000100       0x58 ./Driver/SPI/SPI.o
                0x20000100                xDMA3_TX
 .bss.xDMA2_RX  0x20000158       0x58 ./Driver/SPI/SPI.o
                0x20000158                xDMA2_RX
 .bss.xDMA2_TX  0x200001b0       0x58 ./Driver/SPI/SPI.o
                0x200001b0                xDMA2_TX
 .bss.xDMA1_RX  0x20000208       0x58 ./Driver/SPI/SPI.o
                0x20000208                xDMA1_RX
 .bss.xDMA1_TX  0x20000260       0x58 ./Driver/SPI/SPI.o
                0x20000260                xDMA1_TX
 .bss.RX_Complete
                0x200002b8        0x1 ./Driver/SPI/SPI.o
                0x200002b8                RX_Complete
 .bss.TX_Complete
                0x200002b9        0x1 ./Driver/SPI/SPI.o
                0x200002b9                TX_Complete
 *fill*         0x200002ba        0x2 
 .bss.__timer_14_config__
                0x200002bc        0x4 ./Driver/Timer/Timer.o
                0x200002bc                __timer_14_config__
 .bss.__timer_13_config__
                0x200002c0        0x4 ./Driver/Timer/Timer.o
                0x200002c0                __timer_13_config__
 .bss.__timer_12_config__
                0x200002c4        0x4 ./Driver/Timer/Timer.o
                0x200002c4                __timer_12_config__
 .bss.__timer_11_config__
                0x200002c8        0x4 ./Driver/Timer/Timer.o
                0x200002c8                __timer_11_config__
 .bss.__timer_10_config__
                0x200002cc        0x4 ./Driver/Timer/Timer.o
                0x200002cc                __timer_10_config__
 .bss.__timer_9_config__
                0x200002d0        0x4 ./Driver/Timer/Timer.o
                0x200002d0                __timer_9_config__
 .bss.__timer_8_config__
                0x200002d4        0x4 ./Driver/Timer/Timer.o
                0x200002d4                __timer_8_config__
 .bss.__timer_7_config__
                0x200002d8        0x4 ./Driver/Timer/Timer.o
                0x200002d8                __timer_7_config__
 .bss.__timer_6_config__
                0x200002dc        0x4 ./Driver/Timer/Timer.o
                0x200002dc                __timer_6_config__
 .bss.__timer_5_config__
                0x200002e0        0x4 ./Driver/Timer/Timer.o
                0x200002e0                __timer_5_config__
 .bss.__timer_4_config__
                0x200002e4        0x4 ./Driver/Timer/Timer.o
                0x200002e4                __timer_4_config__
 .bss.__timer_3_config__
                0x200002e8        0x4 ./Driver/Timer/Timer.o
                0x200002e8                __timer_3_config__
 .bss.__timer_2_config__
                0x200002ec        0x4 ./Driver/Timer/Timer.o
                0x200002ec                __timer_2_config__
 .bss.__timer_1_config__
                0x200002f0        0x4 ./Driver/Timer/Timer.o
                0x200002f0                __timer_1_config__
 .bss.USART_SR  0x200002f4        0x2 ./Driver/USART/USART.o
                0x200002f4                USART_SR
 *fill*         0x200002f6        0x2 
 .bss.__usart_4_config__
                0x200002f8        0x4 ./Driver/USART/USART.o
                0x200002f8                __usart_4_config__
 .bss.__usart_1_config__
                0x200002fc        0x4 ./Driver/USART/USART.o
                0x200002fc                __usart_1_config__
 .bss.Display   0x20000300       0x20 ./Src/main.o
                0x20000300                Display
 .bss.Global_SPI
                0x20000320       0x24 ./Src/main.o
                0x20000320                Global_SPI
 *(COMMON)
                0x20000344                        . = ALIGN (0x4)
                0x20000344                        _ebss = .
                0x20000344                        __bss_end__ = _ebss

._user_heap_stack
                0x20000344      0x604
                0x20000348                        . = ALIGN (0x8)
 *fill*         0x20000344        0x4 
                [!provide]                        PROVIDE (end = .)
                0x20000348                        PROVIDE (_end = .)
                0x20000548                        . = (. + _Min_Heap_Size)
 *fill*         0x20000348      0x200 
                0x20000948                        . = (. + _Min_Stack_Size)
 *fill*         0x20000548      0x400 
                0x20000948                        . = ALIGN (0x8)

/DISCARD/
 libc.a(*)
 libm.a(*)
 libgcc.a(*)

.ARM.attributes
                0x00000000       0x30
 *(.ARM.attributes)
 .ARM.attributes
                0x00000000       0x22 C:/ST/STM32CubeIDE_1.17.0/STM32CubeIDE/plugins/com.st.stm32cube.ide.mcu.externaltools.gnu-tools-for-stm32.12.3.rel1.win32_1.1.0.202410251130/tools/bin/../lib/gcc/arm-none-eabi/12.3.1/thumb/v7e-m+fp/hard/crti.o
 .ARM.attributes
                0x00000022       0x34 C:/ST/STM32CubeIDE_1.17.0/STM32CubeIDE/plugins/com.st.stm32cube.ide.mcu.externaltools.gnu-tools-for-stm32.12.3.rel1.win32_1.1.0.202410251130/tools/bin/../lib/gcc/arm-none-eabi/12.3.1/thumb/v7e-m+fp/hard/crtbegin.o
 .ARM.attributes
                0x00000056       0x34 ./Devices/GC9A01/GC9A01.o
 .ARM.attributes
                0x0000008a       0x34 ./Driver/DMA/DMA.o
 .ARM.attributes
                0x000000be       0x34 ./Driver/GPIO/GPIO.o
 .ARM.attributes
                0x000000f2       0x34 ./Driver/SPI/SPI.o
 .ARM.attributes
                0x00000126       0x34 ./Driver/Timer/Timer.o
 .ARM.attributes
                0x0000015a       0x34 ./Driver/USART/USART.o
 .ARM.attributes
                0x0000018e       0x34 ./Src/main.o
 .ARM.attributes
                0x000001c2       0x34 ./Src/system_stm32f4xx.o
 .ARM.attributes
                0x000001f6       0x21 ./Startup/startup_stm32f407vgtx.o
 .ARM.attributes
                0x00000217       0x34 C:/ST/STM32CubeIDE_1.17.0/STM32CubeIDE/plugins/com.st.stm32cube.ide.mcu.externaltools.gnu-tools-for-stm32.12.3.rel1.win32_1.1.0.202410251130/tools/bin/../lib/gcc/arm-none-eabi/12.3.1/../../../../arm-none-eabi/lib/thumb/v7e-m+fp/hard\libc_nano.a(libc_a-init.o)
 .ARM.attributes
                0x0000024b       0x22 C:/ST/STM32CubeIDE_1.17.0/STM32CubeIDE/plugins/com.st.stm32cube.ide.mcu.externaltools.gnu-tools-for-stm32.12.3.rel1.win32_1.1.0.202410251130/tools/bin/../lib/gcc/arm-none-eabi/12.3.1/thumb/v7e-m+fp/hard/crtn.o
OUTPUT(Digital-Humidity-Gauge.elf elf32-littlearm)
LOAD linker stubs
LOAD C:/ST/STM32CubeIDE_1.17.0/STM32CubeIDE/plugins/com.st.stm32cube.ide.mcu.externaltools.gnu-tools-for-stm32.12.3.rel1.win32_1.1.0.202410251130/tools/bin/../lib/gcc/arm-none-eabi/12.3.1/../../../../arm-none-eabi/lib/thumb/v7e-m+fp/hard\libc.a
LOAD C:/ST/STM32CubeIDE_1.17.0/STM32CubeIDE/plugins/com.st.stm32cube.ide.mcu.externaltools.gnu-tools-for-stm32.12.3.rel1.win32_1.1.0.202410251130/tools/bin/../lib/gcc/arm-none-eabi/12.3.1/../../../../arm-none-eabi/lib/thumb/v7e-m+fp/hard\libm.a
LOAD C:/ST/STM32CubeIDE_1.17.0/STM32CubeIDE/plugins/com.st.stm32cube.ide.mcu.externaltools.gnu-tools-for-stm32.12.3.rel1.win32_1.1.0.202410251130/tools/bin/../lib/gcc/arm-none-eabi/12.3.1/thumb/v7e-m+fp/hard\libgcc.a

.comment        0x00000000       0x43
 .comment       0x00000000       0x43 ./Devices/GC9A01/GC9A01.o
                                 0x44 (size before relaxing)
 .comment       0x00000043       0x44 ./Driver/DMA/DMA.o
 .comment       0x00000043       0x44 ./Driver/GPIO/GPIO.o
 .comment       0x00000043       0x44 ./Driver/SPI/SPI.o
 .comment       0x00000043       0x44 ./Driver/Timer/Timer.o
 .comment       0x00000043       0x44 ./Driver/USART/USART.o
 .comment       0x00000043       0x44 ./Src/main.o
 .comment       0x00000043       0x44 ./Src/system_stm32f4xx.o

.debug_frame    0x00000000       0x2c
 .debug_frame   0x00000000       0x2c C:/ST/STM32CubeIDE_1.17.0/STM32CubeIDE/plugins/com.st.stm32cube.ide.mcu.externaltools.gnu-tools-for-stm32.12.3.rel1.win32_1.1.0.202410251130/tools/bin/../lib/gcc/arm-none-eabi/12.3.1/../../../../arm-none-eabi/lib/thumb/v7e-m+fp/hard\libc_nano.a(libc_a-init.o)
