../Inc/main.h:131:26:Delay_us	16	static
../Inc/main.h:140:26:Delay_ms	24	static
../Inc/main.h:151:26:Delay_milli	16	static
../Driver/W25Qxx_Flash/W25Qxx_Flash.c:37:17:Read_Status_Registers	32	static
../Driver/W25Qxx_Flash/W25Qxx_Flash.c:62:17:Write_Enable	16	static
../Driver/W25Qxx_Flash/W25Qxx_Flash.c:71:17:Write_Disable	16	static
../Driver/W25Qxx_Flash/W25Qxx_Flash.c:80:15:W25Qxx_Release_Power_Down	16	static
../Driver/W25Qxx_Flash/W25Qxx_Flash.c:89:15:W25Qxx_Init	16	static
../Driver/W25Qxx_Flash/W25Qxx_Flash.c:108:15:W25Qxx_Read_ID	160	static
../Driver/W25Qxx_Flash/W25Qxx_Flash.c:142:15:W25Qxx_Power_Down	16	static
../Driver/W25Qxx_Flash/W25Qxx_Flash.c:152:15:W25Qxx_Page_Program	40	static
../Driver/W25Qxx_Flash/W25Qxx_Flash.c:180:15:W25Qxx_Read_Data	304	static
../Driver/W25Qxx_Flash/W25Qxx_Flash.c:203:15:W25Qxx_Fast_Read_Data	304	static
../Driver/W25Qxx_Flash/W25Qxx_Flash.c:225:15:W25Qxx_Reset_Device	16	static
../Driver/W25Qxx_Flash/W25Qxx_Flash.c:239:15:W25Qxx_Chip_Erase	24	static
../Driver/W25Qxx_Flash/W25Qxx_Flash.c:258:15:W25Qxx_Sector_Erase	24	static
../Driver/W25Qxx_Flash/W25Qxx_Flash.c:283:15:W25Qxx_Block_Erase_32KB	24	static
../Driver/W25Qxx_Flash/W25Qxx_Flash.c:309:15:W25Qxx_Block_Erase_64KB	24	static
