../Inc/core_cm4.h:1814:22:__NVIC_SetPriority	16	static
../Inc/core_cm4.h:2022:26:SysTick_Config	16	static
../Inc/main.h:51:22:MCU_Clock_Setup	16	static
../Inc/main.h:115:26:Delay_Config	4	static
../Inc/main.h:140:26:Delay_ms	24	static
../Inc/main.h:151:26:Delay_milli	16	static
../Src/main.c:9:13:SPI1_GPIO_Init	4	static
../Src/main.c:28:6:SPI1_Init	8	static
../Src/main.c:54:9:SPI1_Transfer	16	static
../Src/main.c:63:20:CS_HIGH	4	static
../Src/main.c:65:13:CS_GPIO_Init	8	static
../Src/main.c:81:5:main	24	static
