../Inc/core_cm4.h:1684:22:__NVIC_EnableIRQ	16	static,ignoring_inline_asm
../Driver/DMA/DMA.c:43:6:DMA1_Stream0_IRQHandler	8	static
../Driver/DMA/DMA.c:133:6:DMA1_Stream1_IRQHandler	8	static
../Driver/DMA/DMA.c:208:6:DMA1_Stream2_IRQHandler	8	static
../Driver/DMA/DMA.c:282:6:DMA1_Stream3_IRQHandler	8	static
../Driver/DMA/DMA.c:356:6:DMA1_Stream4_IRQHandler	8	static
../Driver/DMA/DMA.c:433:6:DMA1_Stream5_IRQHandler	8	static
../Driver/DMA/DMA.c:509:6:DMA1_Stream6_IRQHandler	8	static
../Driver/DMA/DMA.c:584:6:DMA1_Stream7_IRQHandler	8	static
../Driver/DMA/DMA.c:658:6:DMA2_Stream0_IRQHandler	8	static
../Driver/DMA/DMA.c:752:6:DMA2_Stream1_IRQHandler	8	static
../Driver/DMA/DMA.c:827:6:DMA2_Stream2_IRQHandler	8	static
../Driver/DMA/DMA.c:901:6:DMA2_Stream3_IRQHandler	8	static
../Driver/DMA/DMA.c:991:6:DMA2_Stream4_IRQHandler	8	static
../Driver/DMA/DMA.c:1068:6:DMA2_Stream5_IRQHandler	8	static
../Driver/DMA/DMA.c:1144:6:DMA2_Stream6_IRQHandler	8	static
../Driver/DMA/DMA.c:1219:6:DMA2_Stream7_IRQHandler	8	static
../Driver/DMA/DMA.c:1303:6:DMA_Reset_Flags	16	static
../Driver/DMA/DMA.c:1322:6:DMA_Clock_Enable	16	static
../Driver/DMA/DMA.c:1344:6:DMA_Clock_Disable	16	static
../Driver/DMA/DMA.c:1361:6:DMA_Reset	16	static
../Driver/DMA/DMA.c:1380:8:DMA_Init	16	static
../Driver/DMA/DMA.c:1538:6:DMA_Set_Target	16	static
../Driver/DMA/DMA.c:1587:6:DMA_Set_Trigger	32	static
../Driver/DMA/DMA.c:1644:6:DMA_Memory_To_Memory_Transfer	24	static
